Archive member included to satisfy reference by file (symbol)

D:/ST_CUBE_IDE/STM32CubeIDE_1.15.1/STM32CubeIDE/plugins/com.st.stm32cube.ide.mcu.externaltools.gnu-tools-for-stm32.12.3.rel1.win32_1.0.100.202403111256/tools/bin/../lib/gcc/arm-none-eabi/12.3.1/../../../../arm-none-eabi/lib/thumb/v7e-m+fp/hard\libc_nano.a(libc_a-atoi.o)
                              ./CLI/cli_interface.o (atoi)
D:/ST_CUBE_IDE/STM32CubeIDE_1.15.1/STM32CubeIDE/plugins/com.st.stm32cube.ide.mcu.externaltools.gnu-tools-for-stm32.12.3.rel1.win32_1.0.100.202403111256/tools/bin/../lib/gcc/arm-none-eabi/12.3.1/../../../../arm-none-eabi/lib/thumb/v7e-m+fp/hard\libc_nano.a(libc_a-exit.o)
                              D:/ST_CUBE_IDE/STM32CubeIDE_1.15.1/STM32CubeIDE/plugins/com.st.stm32cube.ide.mcu.externaltools.gnu-tools-for-stm32.12.3.rel1.win32_1.0.100.202403111256/tools/bin/../lib/gcc/arm-none-eabi/12.3.1/../../../../arm-none-eabi/lib/thumb/v7e-m+fp/hard/crt0.o (exit)
D:/ST_CUBE_IDE/STM32CubeIDE_1.15.1/STM32CubeIDE/plugins/com.st.stm32cube.ide.mcu.externaltools.gnu-tools-for-stm32.12.3.rel1.win32_1.0.100.202403111256/tools/bin/../lib/gcc/arm-none-eabi/12.3.1/../../../../arm-none-eabi/lib/thumb/v7e-m+fp/hard\libc_nano.a(libc_a-malloc.o)
                              ./Middlewares/Third_Party/FreeRTOS/Source/portable/MemMang/heap_3.o (malloc)
D:/ST_CUBE_IDE/STM32CubeIDE_1.15.1/STM32CubeIDE/plugins/com.st.stm32cube.ide.mcu.externaltools.gnu-tools-for-stm32.12.3.rel1.win32_1.0.100.202403111256/tools/bin/../lib/gcc/arm-none-eabi/12.3.1/../../../../arm-none-eabi/lib/thumb/v7e-m+fp/hard\libc_nano.a(libc_a-mallocr.o)
                              D:/ST_CUBE_IDE/STM32CubeIDE_1.15.1/STM32CubeIDE/plugins/com.st.stm32cube.ide.mcu.externaltools.gnu-tools-for-stm32.12.3.rel1.win32_1.0.100.202403111256/tools/bin/../lib/gcc/arm-none-eabi/12.3.1/../../../../arm-none-eabi/lib/thumb/v7e-m+fp/hard\libc_nano.a(libc_a-malloc.o) (_malloc_r)
D:/ST_CUBE_IDE/STM32CubeIDE_1.15.1/STM32CubeIDE/plugins/com.st.stm32cube.ide.mcu.externaltools.gnu-tools-for-stm32.12.3.rel1.win32_1.0.100.202403111256/tools/bin/../lib/gcc/arm-none-eabi/12.3.1/../../../../arm-none-eabi/lib/thumb/v7e-m+fp/hard\libc_nano.a(libc_a-mlock.o)
                              D:/ST_CUBE_IDE/STM32CubeIDE_1.15.1/STM32CubeIDE/plugins/com.st.stm32cube.ide.mcu.externaltools.gnu-tools-for-stm32.12.3.rel1.win32_1.0.100.202403111256/tools/bin/../lib/gcc/arm-none-eabi/12.3.1/../../../../arm-none-eabi/lib/thumb/v7e-m+fp/hard\libc_nano.a(libc_a-mallocr.o) (__malloc_lock)
D:/ST_CUBE_IDE/STM32CubeIDE_1.15.1/STM32CubeIDE/plugins/com.st.stm32cube.ide.mcu.externaltools.gnu-tools-for-stm32.12.3.rel1.win32_1.0.100.202403111256/tools/bin/../lib/gcc/arm-none-eabi/12.3.1/../../../../arm-none-eabi/lib/thumb/v7e-m+fp/hard\libc_nano.a(libc_a-strtol.o)
                              D:/ST_CUBE_IDE/STM32CubeIDE_1.15.1/STM32CubeIDE/plugins/com.st.stm32cube.ide.mcu.externaltools.gnu-tools-for-stm32.12.3.rel1.win32_1.0.100.202403111256/tools/bin/../lib/gcc/arm-none-eabi/12.3.1/../../../../arm-none-eabi/lib/thumb/v7e-m+fp/hard\libc_nano.a(libc_a-atoi.o) (_strtol_r)
D:/ST_CUBE_IDE/STM32CubeIDE_1.15.1/STM32CubeIDE/plugins/com.st.stm32cube.ide.mcu.externaltools.gnu-tools-for-stm32.12.3.rel1.win32_1.0.100.202403111256/tools/bin/../lib/gcc/arm-none-eabi/12.3.1/../../../../arm-none-eabi/lib/thumb/v7e-m+fp/hard\libc_nano.a(libc_a-ctype_.o)
                              D:/ST_CUBE_IDE/STM32CubeIDE_1.15.1/STM32CubeIDE/plugins/com.st.stm32cube.ide.mcu.externaltools.gnu-tools-for-stm32.12.3.rel1.win32_1.0.100.202403111256/tools/bin/../lib/gcc/arm-none-eabi/12.3.1/../../../../arm-none-eabi/lib/thumb/v7e-m+fp/hard\libc_nano.a(libc_a-strtol.o) (_ctype_)
D:/ST_CUBE_IDE/STM32CubeIDE_1.15.1/STM32CubeIDE/plugins/com.st.stm32cube.ide.mcu.externaltools.gnu-tools-for-stm32.12.3.rel1.win32_1.0.100.202403111256/tools/bin/../lib/gcc/arm-none-eabi/12.3.1/../../../../arm-none-eabi/lib/thumb/v7e-m+fp/hard\libc_nano.a(libc_a-findfp.o)
                              D:/ST_CUBE_IDE/STM32CubeIDE_1.15.1/STM32CubeIDE/plugins/com.st.stm32cube.ide.mcu.externaltools.gnu-tools-for-stm32.12.3.rel1.win32_1.0.100.202403111256/tools/bin/../lib/gcc/arm-none-eabi/12.3.1/../../../../arm-none-eabi/lib/thumb/v7e-m+fp/hard\libc_nano.a(libc_a-exit.o) (__stdio_exit_handler)
D:/ST_CUBE_IDE/STM32CubeIDE_1.15.1/STM32CubeIDE/plugins/com.st.stm32cube.ide.mcu.externaltools.gnu-tools-for-stm32.12.3.rel1.win32_1.0.100.202403111256/tools/bin/../lib/gcc/arm-none-eabi/12.3.1/../../../../arm-none-eabi/lib/thumb/v7e-m+fp/hard\libc_nano.a(libc_a-fwalk.o)
                              D:/ST_CUBE_IDE/STM32CubeIDE_1.15.1/STM32CubeIDE/plugins/com.st.stm32cube.ide.mcu.externaltools.gnu-tools-for-stm32.12.3.rel1.win32_1.0.100.202403111256/tools/bin/../lib/gcc/arm-none-eabi/12.3.1/../../../../arm-none-eabi/lib/thumb/v7e-m+fp/hard\libc_nano.a(libc_a-findfp.o) (_fwalk_sglue)
[...]
Memory Configuration

Name             Origin             Length             Attributes
RAM              0x20000000         0x00008000         xrw
FLASH            0x08011000         0x0000f000         xr
*default*        0x00000000         0xffffffff

Linker script and memory map

LOAD D:/ST_CUBE_IDE/STM32CubeIDE_1.15.1/STM32CubeIDE/plugins/com.st.stm32cube.ide.mcu.externaltools.gnu-tools-for-stm32.12.3.rel1.win32_1.0.100.202403111256/tools/bin/../lib/gcc/arm-none-eabi/12.3.1/thumb/v7e-m+fp/hard/crti.o
LOAD D:/ST_CUBE_IDE/STM32CubeIDE_1.15.1/STM32CubeIDE/plugins/com.st.stm32cube.ide.mcu.externaltools.gnu-tools-for-stm32.12.3.rel1.win32_1.0.100.202403111256/tools/bin/../lib/gcc/arm-none-eabi/12.3.1/thumb/v7e-m+fp/hard/crtbegin.o
LOAD D:/ST_CUBE_IDE/STM32CubeIDE_1.15.1/STM32CubeIDE/plugins/com.st.stm32cube.ide.mcu.externaltools.gnu-tools-for-stm32.12.3.rel1.win32_1.0.100.202403111256/tools/bin/../lib/gcc/arm-none-eabi/12.3.1/../../../../arm-none-eabi/lib/thumb/v7e-m+fp/hard/crt0.o
LOAD ./Boot/common.o
LOAD ./Boot/flash_if.o
LOAD ./Boot/xmodem.o
LOAD ./Boot/ymodem.o
LOAD ./CLI/cli_interface.o
LOAD ./Core/Src/adc.o
LOAD ./Core/Src/app_freertos.o
LOAD ./Core/Src/dac.o
LOAD ./Core/Src/dma.o
LOAD ./Core/Src/gpio.o
LOAD ./Core/Src/i2c.o
LOAD ./Core/Src/main.o
LOAD ./Core/Src/spi.o
LOAD ./Core/Src/stm32g4xx_hal_msp.o
LOAD ./Core/Src/stm32g4xx_hal_timebase_tim.o
LOAD ./Core/Src/stm32g4xx_it.o
LOAD ./Core/Src/syscalls.o
LOAD ./Core/Src/sysmem.o
LOAD ./Core/Src/system_stm32g4xx.o
LOAD ./Core/Src/usart.o
LOAD ./Core/Startup/startup_stm32g431rbtx.o
LOAD ./Drivers/STM32G4xx_HAL_Driver/Src/stm32g4xx_hal.o
LOAD ./Drivers/STM32G4xx_HAL_Driver/Src/stm32g4xx_hal_adc.o
LOAD ./Drivers/STM32G4xx_HAL_Driver/Src/stm32g4xx_hal_adc_ex.o
LOAD ./Drivers/STM32G4xx_HAL_Driver/Src/stm32g4xx_hal_cortex.o
LOAD ./Drivers/STM32G4xx_HAL_Driver/Src/stm32g4xx_hal_dac.o
LOAD ./Drivers/STM32G4xx_HAL_Driver/Src/stm32g4xx_hal_dac_ex.o
LOAD ./Drivers/STM32G4xx_HAL_Driver/Src/stm32g4xx_hal_dma.o
LOAD ./Drivers/STM32G4xx_HAL_Driver/Src/stm32g4xx_hal_dma_ex.o
LOAD ./Drivers/STM32G4xx_HAL_Driver/Src/stm32g4xx_hal_exti.o
LOAD ./Drivers/STM32G4xx_HAL_Driver/Src/stm32g4xx_hal_flash.o
LOAD ./Drivers/STM32G4xx_HAL_Driver/Src/stm32g4xx_hal_flash_ex.o
LOAD ./Drivers/STM32G4xx_HAL_Driver/Src/stm32g4xx_hal_flash_ramfunc.o
LOAD ./Drivers/STM32G4xx_HAL_Driver/Src/stm32g4xx_hal_gpio.o
LOAD ./Drivers/STM32G4xx_HAL_Driver/Src/stm32g4xx_hal_i2c.o
LOAD ./Drivers/STM32G4xx_HAL_Driver/Src/stm32g4xx_hal_i2c_ex.o
LOAD ./Drivers/STM32G4xx_HAL_Driver/Src/stm32g4xx_hal_pwr.o
LOAD ./Drivers/STM32G4xx_HAL_Driver/Src/stm32g4xx_hal_pwr_ex.o
LOAD ./Drivers/STM32G4xx_HAL_Driver/Src/stm32g4xx_hal_rcc.o
LOAD ./Drivers/STM32G4xx_HAL_Driver/Src/stm32g4xx_hal_rcc_ex.o
LOAD ./Drivers/STM32G4xx_HAL_Driver/Src/stm32g4xx_hal_spi.o
LOAD ./Drivers/STM32G4xx_HAL_Driver/Src/stm32g4xx_hal_spi_ex.o
LOAD ./Drivers/STM32G4xx_HAL_Driver/Src/stm32g4xx_hal_tim.o
LOAD ./Drivers/STM32G4xx_HAL_Driver/Src/stm32g4xx_hal_tim_ex.o
LOAD ./Drivers/STM32G4xx_HAL_Driver/Src/stm32g4xx_hal_uart.o
LOAD ./Drivers/STM32G4xx_HAL_Driver/Src/stm32g4xx_hal_uart_ex.o
LOAD ./Drivers/STM32G4xx_HAL_Driver/Src/stm32g4xx_ll_adc.o
LOAD ./Middlewares/Third_Party/FreeRTOS/Source/CMSIS_RTOS/cmsis_os.o
LOAD ./Middlewares/Third_Party/FreeRTOS/Source/croutine.o
LOAD ./Middlewares/Third_Party/FreeRTOS/Source/event_groups.o
LOAD ./Middlewares/Third_Party/FreeRTOS/Source/list.o
LOAD ./Middlewares/Third_Party/FreeRTOS/Source/queue.o
LOAD ./Middlewares/Third_Party/FreeRTOS/Source/stream_buffer.o
LOAD ./Middlewares/Third_Party/FreeRTOS/Source/tasks.o
LOAD ./Middlewares/Third_Party/FreeRTOS/Source/timers.o
LOAD ./Middlewares/Third_Party/FreeRTOS/Source/portable/GCC/ARM_CM4F/port.o
LOAD ./Middlewares/Third_Party/FreeRTOS/Source/portable/MemMang/heap_3.o
START GROUP
LOAD D:/ST_CUBE_IDE/STM32CubeIDE_1.15.1/STM32CubeIDE/plugins/com.st.stm32cube.ide.mcu.externaltools.gnu-tools-for-stm32.12.3.rel1.win32_1.0.100.202403111256/tools/bin/../lib/gcc/arm-none-eabi/12.3.1/../../../../arm-none-eabi/lib/thumb/v7e-m+fp/hard\libc_nano.a
LOAD D:/ST_CUBE_IDE/STM32CubeIDE_1.15.1/STM32CubeIDE/plugins/com.st.stm32cube.ide.mcu.externaltools.gnu-tools-for-stm32.12.3.rel1.win32_1.0.100.202403111256/tools/bin/../lib/gcc/arm-none-eabi/12.3.1/../../../../arm-none-eabi/lib/thumb/v7e-m+fp/hard\libm.a
END GROUP
START GROUP
LOAD D:/ST_CUBE_IDE/STM32CubeIDE_1.15.1/STM32CubeIDE/plugins/com.st.stm32cube.ide.mcu.externaltools.gnu-tools-for-stm32.12.3.rel1.win32_1.0.100.202403111256/tools/bin/../lib/gcc/arm-none-eabi/12.3.1/thumb/v7e-m+fp/hard\libgcc.a
LOAD D:/ST_CUBE_IDE/STM32CubeIDE_1.15.1/STM32CubeIDE/plugins/com.st.stm32cube.ide.mcu.externaltools.gnu-tools-for-stm32.12.3.rel1.win32_1.0.100.202403111256/tools/bin/../lib/gcc/arm-none-eabi/12.3.1/../../../../arm-none-eabi/lib/thumb/v7e-m+fp/hard\libc_nano.a
END GROUP
START GROUP
LOAD D:/ST_CUBE_IDE/STM32CubeIDE_1.15.1/STM32CubeIDE/plugins/com.st.stm32cube.ide.mcu.externaltools.gnu-tools-for-stm32.12.3.rel1.win32_1.0.100.202403111256/tools/bin/../lib/gcc/arm-none-eabi/12.3.1/thumb/v7e-m+fp/hard\libgcc.a
LOAD D:/ST_CUBE_IDE/STM32CubeIDE_1.15.1/STM32CubeIDE/plugins/com.st.stm32cube.ide.mcu.externaltools.gnu-tools-for-stm32.12.3.rel1.win32_1.0.100.202403111256/tools/bin/../lib/gcc/arm-none-eabi/12.3.1/../../../../arm-none-eabi/lib/thumb/v7e-m+fp/hard\libc_nano.a
LOAD D:/ST_CUBE_IDE/STM32CubeIDE_1.15.1/STM32CubeIDE/plugins/com.st.stm32cube.ide.mcu.externaltools.gnu-tools-for-stm32.12.3.rel1.win32_1.0.100.202403111256/tools/bin/../lib/gcc/arm-none-eabi/12.3.1/../../../../arm-none-eabi/lib/thumb/v7e-m+fp/hard\libnosys.a
END GROUP
START GROUP
LOAD D:/ST_CUBE_IDE/STM32CubeIDE_1.15.1/STM32CubeIDE/plugins/com.st.stm32cube.ide.mcu.externaltools.gnu-tools-for-stm32.12.3.rel1.win32_1.0.100.202403111256/tools/bin/../lib/gcc/arm-none-eabi/12.3.1/thumb/v7e-m+fp/hard\libgcc.a
LOAD D:/ST_CUBE_IDE/STM32CubeIDE_1.15.1/STM32CubeIDE/plugins/com.st.stm32cube.ide.mcu.externaltools.gnu-tools-for-stm32.12.3.rel1.win32_1.0.100.202403111256/tools/bin/../lib/gcc/arm-none-eabi/12.3.1/../../../../arm-none-eabi/lib/thumb/v7e-m+fp/hard\libc_nano.a
LOAD D:/ST_CUBE_IDE/STM32CubeIDE_1.15.1/STM32CubeIDE/plugins/com.st.stm32cube.ide.mcu.externaltools.gnu-tools-for-stm32.12.3.rel1.win32_1.0.100.202403111256/tools/bin/../lib/gcc/arm-none-eabi/12.3.1/../../../../arm-none-eabi/lib/thumb/v7e-m+fp/hard\libnosys.a
END GROUP
LOAD D:/ST_CUBE_IDE/STM32CubeIDE_1.15.1/STM32CubeIDE/plugins/com.st.stm32cube.ide.mcu.externaltools.gnu-tools-for-stm32.12.3.rel1.win32_1.0.100.202403111256/tools/bin/../lib/gcc/arm-none-eabi/12.3.1/thumb/v7e-m+fp/hard/crtend.o
LOAD D:/ST_CUBE_IDE/STM32CubeIDE_1.15.1/STM32CubeIDE/plugins/com.st.stm32cube.ide.mcu.externaltools.gnu-tools-for-stm32.12.3.rel1.win32_1.0.100.202403111256/tools/bin/../lib/gcc/arm-none-eabi/12.3.1/thumb/v7e-m+fp/hard/crtn.o
                0x20008000                        _estack = (ORIGIN (RAM) + LENGTH (RAM))
                0x00001000                        _Min_Heap_Size = 0x1000
                0x00001000                        _Min_Stack_Size = 0x1000

.isr_vector     0x08011000      0x1d8
                0x08011000                        . = ALIGN (0x4)
 *(.isr_vector)
 .isr_vector    0x08011000      0x1d8 ./Core/Startup/startup_stm32g431rbtx.o
                0x08011000                g_pfnVectors
                0x080111d8                        . = ALIGN (0x4)

.text           0x080111e0     0xc42c
                0x080111e0                        . = ALIGN (0x4)
 *(.text)
 .text          0x080111e0       0x40 D:/ST_CUBE_IDE/STM32CubeIDE_1.15.1/STM32CubeIDE/plugins/com.st.stm32cube.ide.mcu.externaltools.gnu-tools-for-stm32.12.3.rel1.win32_1.0.100.202403111256/tools/bin/../lib/gcc/arm-none-eabi/12.3.1/thumb/v7e-m+fp/hard/crtbegin.o
 .text          0x08011220       0x14 D:/ST_CUBE_IDE/STM32CubeIDE_1.15.1/STM32CubeIDE/plugins/com.st.stm32cube.ide.mcu.externaltools.gnu-tools-for-stm32.12.3.rel1.win32_1.0.100.202403111256/tools/bin/../lib/gcc/arm-none-eabi/12.3.1/../../../../arm-none-eabi/lib/thumb/v7e-m+fp/hard\libc_nano.a(libc_a-strcmp.o)
                0x08011220                strcmp
 .text          0x08011234       0x10 D:/ST_CUBE_IDE/STM32CubeIDE_1.15.1/STM32CubeIDE/plugins/com.st.stm32cube.ide.mcu.externaltools.gnu-tools-for-stm32.12.3.rel1.win32_1.0.100.202403111256/tools/bin/../lib/gcc/arm-none-eabi/12.3.1/../../../../arm-none-eabi/lib/thumb/v7e-m+fp/hard\libc_nano.a(libc_a-strlen.o)
                0x08011234                strlen
 *fill*         0x08011244        0xc 
 .text          0x08011250       0xa0 D:/ST_CUBE_IDE/STM32CubeIDE_1.15.1/STM32CubeIDE/plugins/com.st.stm32cube.ide.mcu.externaltools.gnu-tools-for-stm32.12.3.rel1.win32_1.0.100.202403111256/tools/bin/../lib/gcc/arm-none-eabi/12.3.1/../../../../arm-none-eabi/lib/thumb/v7e-m+fp/hard\libc_nano.a(libc_a-memchr.o)
                0x08011250                memchr
 .text          0x080112f0       0x30 D:/ST_CUBE_IDE/STM32CubeIDE_1.15.1/STM32CubeIDE/plugins/com.st.stm32cube.ide.mcu.externaltools.gnu-tools-for-stm32.12.3.rel1.win32_1.0.100.202403111256/tools/bin/../lib/gcc/arm-none-eabi/12.3.1/thumb/v7e-m+fp/hard\libgcc.a(_aeabi_uldivmod.o)
                0x080112f0                __aeabi_uldivmod
 .text          0x08011320      0x2bc D:/ST_CUBE_IDE/STM32CubeIDE_1.15.1/STM32CubeIDE/plugins/com.st.stm32cube.ide.mcu.externaltools.gnu-tools-for-stm32.12.3.rel1.win32_1.0.100.202403111256/tools/bin/../lib/gcc/arm-none-eabi/12.3.1/thumb/v7e-m+fp/hard\libgcc.a(_udivmoddi4.o)
                0x08011320                __udivmoddi4
 .text          0x080115dc        0x4 D:/ST_CUBE_IDE/STM32CubeIDE_1.15.1/STM32CubeIDE/plugins/com.st.stm32cube.ide.mcu.externaltools.gnu-tools-for-stm32.12.3.rel1.win32_1.0.100.202403111256/tools/bin/../lib/gcc/arm-none-eabi/12.3.1/thumb/v7e-m+fp/hard\libgcc.a(_dvmd_tls.o)
                0x080115dc                __aeabi_idiv0
                0x080115dc                __aeabi_ldiv0
 *(.text*)
 .text.FLASH_If_Init
                0x080115e0       0x1c ./Boot/flash_if.o
                0x080115e0                FLASH_If_Init
 .text.FLASH_If_Erase
                0x080115fc       0x68 ./Boot/flash_if.o
                0x080115fc                FLASH_If_Erase
 .text.GetPage  0x08011664       0x64 ./Boot/flash_if.o
 .text._write   0x080116c8       0x34 ./CLI/cli_interface.o
                0x080116c8                _write
 .text.Convert_Char
                0x080116fc       0x30 ./CLI/cli_interface.o
                0x080116fc                Convert_Char
 .text.HAL_UART_RxCpltCallback
                0x0801172c       0xd4 ./CLI/cli_interface.o
                0x0801172c                HAL_UART_RxCpltCallback
 .text.CLI_Init
                0x08011800       0x50 ./CLI/cli_interface.o
                0x08011800                CLI_Init
 .text.parser   0x08011850      0x1a4 ./CLI/cli_interface.o
                0x08011850                parser
 .text.cbf_boot_logo
                0x080119f4       0x78 ./CLI/cli_interface.o
                0x080119f4                cbf_boot_logo
 .text.cbf_sn   0x08011a6c       0x24 ./CLI/cli_interface.o
                0x08011a6c                cbf_sn
 .text.cbf_help
                0x08011a90       0x94 ./CLI/cli_interface.o
                0x08011a90                cbf_help
 .text.cbf_reset
                0x08011b24       0x18 ./CLI/cli_interface.o
                0x08011b24                cbf_reset
 .text.cbf_test
                0x08011b3c       0x30 ./CLI/cli_interface.o
                0x08011b3c                cbf_test
 .text.cbf_xmodem
                0x08011b6c       0x34 ./CLI/cli_interface.o
                0x08011b6c                cbf_xmodem
 .text.cbf_ymodem
                0x08011ba0       0x34 ./CLI/cli_interface.o
                0x08011ba0                cbf_ymodem
 .text.check_memory_range
                0x08011bd4       0x44 ./CLI/cli_interface.o
 .text.cbf_dump
                0x08011c18      0x100 ./CLI/cli_interface.o
                0x08011c18                cbf_dump
 .text.cbf_flash_test
                0x08011d18       0xb8 ./CLI/cli_interface.o
                0x08011d18                cbf_flash_test
 .text.cbf_tag  0x08011dd0       0x30 ./CLI/cli_interface.o
                0x08011dd0                cbf_tag
 .text.cbf_test_assert
                0x08011e00       0x18 ./CLI/cli_interface.o
                0x08011e00                cbf_test_assert
 .text.MX_ADC1_Init
                0x08011e18       0xf0 ./Core/Src/adc.o
                0x08011e18                MX_ADC1_Init
 .text.HAL_ADC_MspInit
                0x08011f08      0x114 ./Core/Src/adc.o
                0x08011f08                HAL_ADC_MspInit
 .text.MX_FREERTOS_Init
                0x0801201c       0x34 ./Core/Src/app_freertos.o
                0x0801201c                MX_FREERTOS_Init
 .text.CLI_Task
                0x08012050       0x2c ./Core/Src/app_freertos.o
                0x08012050                CLI_Task
 .text.MX_DAC1_Init
                0x0801207c       0x74 ./Core/Src/dac.o
                0x0801207c                MX_DAC1_Init
 .text.HAL_DAC_MspInit
                0x080120f0       0x7c ./Core/Src/dac.o
                0x080120f0                HAL_DAC_MspInit
 .text.MX_DMA_Init
                0x0801216c       0x54 ./Core/Src/dma.o
                0x0801216c                MX_DMA_Init
 .text.MX_GPIO_Init
                0x080121c0       0xc0 ./Core/Src/gpio.o
                0x080121c0                MX_GPIO_Init
 .text.MX_I2C1_Init
                0x08012280       0x80 ./Core/Src/i2c.o
                0x08012280                MX_I2C1_Init
 .text.HAL_I2C_MspInit
                0x08012300       0xb4 ./Core/Src/i2c.o
                0x08012300                HAL_I2C_MspInit
 .text.main     0x080123b4       0x38 ./Core/Src/main.o
                0x080123b4                main
 .text.SystemClock_Config
                0x080123ec       0x96 ./Core/Src/main.o
                0x080123ec                SystemClock_Config
 *fill*         0x08012482        0x2 
 .text.HAL_TIM_PeriodElapsedCallback
                0x08012484       0x24 ./Core/Src/main.o
                0x08012484                HAL_TIM_PeriodElapsedCallback
 .text.Error_Handler
                0x080124a8        0xc ./Core/Src/main.o
                0x080124a8                Error_Handler
 .text.assert_failed
                0x080124b4       0x16 ./Core/Src/main.o
                0x080124b4                assert_failed
 *fill*         0x080124ca        0x2 
 .text.MX_SPI1_Init
                0x080124cc       0x7c ./Core/Src/spi.o
                0x080124cc                MX_SPI1_Init
 .text.HAL_SPI_MspInit
                0x08012548       0x84 ./Core/Src/spi.o
                0x08012548                HAL_SPI_MspInit
 .text.HAL_MspInit
                0x080125cc       0x54 ./Core/Src/stm32g4xx_hal_msp.o
                0x080125cc                HAL_MspInit
 .text.HAL_InitTick
                0x08012620       0xd8 ./Core/Src/stm32g4xx_hal_timebase_tim.o
                0x08012620                HAL_InitTick
 .text.NMI_Handler
                0x080126f8        0x8 ./Core/Src/stm32g4xx_it.o
                0x080126f8                NMI_Handler
 .text.HardFault_Handler
                0x08012700        0x8 ./Core/Src/stm32g4xx_it.o
                0x08012700                HardFault_Handler
 .text.MemManage_Handler
                0x08012708        0x8 ./Core/Src/stm32g4xx_it.o
                0x08012708                MemManage_Handler
 .text.BusFault_Handler
                0x08012710        0x8 ./Core/Src/stm32g4xx_it.o
                0x08012710                BusFault_Handler
 .text.UsageFault_Handler
                0x08012718        0x8 ./Core/Src/stm32g4xx_it.o
                0x08012718                UsageFault_Handler
 .text.DebugMon_Handler
                0x08012720        0xe ./Core/Src/stm32g4xx_it.o
                0x08012720                DebugMon_Handler
 *fill*         0x0801272e        0x2 
 .text.DMA1_Channel1_IRQHandler
                0x08012730       0x14 ./Core/Src/stm32g4xx_it.o
                0x08012730                DMA1_Channel1_IRQHandler
 .text.ADC1_2_IRQHandler
                0x08012744       0x14 ./Core/Src/stm32g4xx_it.o
                0x08012744                ADC1_2_IRQHandler
 .text.TIM1_UP_TIM16_IRQHandler
                0x08012758       0x14 ./Core/Src/stm32g4xx_it.o
                0x08012758                TIM1_UP_TIM16_IRQHandler
 .text.LPUART1_IRQHandler
                0x0801276c       0x14 ./Core/Src/stm32g4xx_it.o
                0x0801276c                LPUART1_IRQHandler
 .text._getpid  0x08012780       0x10 ./Core/Src/syscalls.o
                0x08012780                _getpid
 .text._kill    0x08012790       0x20 ./Core/Src/syscalls.o
                0x08012790                _kill
 .text._exit    0x080127b0       0x16 ./Core/Src/syscalls.o
                0x080127b0                _exit
 .text._read    0x080127c6       0x3a ./Core/Src/syscalls.o
                0x080127c6                _read
 .text._close   0x08012800       0x18 ./Core/Src/syscalls.o
                0x08012800                _close
 .text._fstat   0x08012818       0x20 ./Core/Src/syscalls.o
                0x08012818                _fstat
 .text._isatty  0x08012838       0x16 ./Core/Src/syscalls.o
                0x08012838                _isatty
 .text._lseek   0x0801284e       0x1a ./Core/Src/syscalls.o
                0x0801284e                _lseek
 .text._sbrk    0x08012868       0x6c ./Core/Src/sysmem.o
                0x08012868                _sbrk
 .text.SystemInit
                0x080128d4       0x2c ./Core/Src/system_stm32g4xx.o
                0x080128d4                SystemInit
 .text.MX_LPUART1_UART_Init
                0x08012900       0x94 ./Core/Src/usart.o
                0x08012900                MX_LPUART1_UART_Init
 .text.HAL_UART_MspInit
                0x08012994       0xc0 ./Core/Src/usart.o
                0x08012994                HAL_UART_MspInit
 .text.Reset_Handler
                0x08012a54       0x50 ./Core/Startup/startup_stm32g431rbtx.o
                0x08012a54                Reset_Handler
 .text.Default_Handler
                0x08012aa4        0x2 ./Core/Startup/startup_stm32g431rbtx.o
                0x08012aa4                RTC_Alarm_IRQHandler
                0x08012aa4                EXTI2_IRQHandler
                0x08012aa4                TIM8_TRG_COM_IRQHandler
                0x08012aa4                TIM8_CC_IRQHandler
                0x08012aa4                TIM1_CC_IRQHandler
                0x08012aa4                USB_HP_IRQHandler
                0x08012aa4                CORDIC_IRQHandler
                0x08012aa4                EXTI3_IRQHandler
                0x08012aa4                I2C3_ER_IRQHandler
                0x08012aa4                EXTI0_IRQHandler
                0x08012aa4                I2C2_EV_IRQHandler
                0x08012aa4                FPU_IRQHandler
                0x08012aa4                FDCAN1_IT1_IRQHandler
                0x08012aa4                SPI1_IRQHandler
                0x08012aa4                TIM6_DAC_IRQHandler
                0x08012aa4                TIM8_UP_IRQHandler
                0x08012aa4                DMA2_Channel2_IRQHandler
                0x08012aa4                DMA1_Channel4_IRQHandler
                0x08012aa4                USART3_IRQHandler
                0x08012aa4                TIM4_IRQHandler
                0x08012aa4                DMA2_Channel1_IRQHandler
                0x08012aa4                I2C1_EV_IRQHandler
                0x08012aa4                DMA1_Channel6_IRQHandler
                0x08012aa4                UART4_IRQHandler
                0x08012aa4                DMA2_Channel4_IRQHandler
                0x08012aa4                TIM3_IRQHandler
                0x08012aa4                RCC_IRQHandler
                0x08012aa4                Default_Handler
                0x08012aa4                RTC_TAMP_LSECSS_IRQHandler
                0x08012aa4                FMAC_IRQHandler
                0x08012aa4                EXTI15_10_IRQHandler
                0x08012aa4                TIM7_IRQHandler
                0x08012aa4                UCPD1_IRQHandler
                0x08012aa4                I2C3_EV_IRQHandler
                0x08012aa4                EXTI9_5_IRQHandler
                0x08012aa4                RTC_WKUP_IRQHandler
                0x08012aa4                PVD_PVM_IRQHandler
                0x08012aa4                SPI2_IRQHandler
                0x08012aa4                DMA2_Channel5_IRQHandler
                0x08012aa4                CRS_IRQHandler
                0x08012aa4                DMA1_Channel5_IRQHandler
                0x08012aa4                USB_LP_IRQHandler
                0x08012aa4                EXTI4_IRQHandler
                0x08012aa4                RNG_IRQHandler
                0x08012aa4                TIM1_TRG_COM_TIM17_IRQHandler
                0x08012aa4                DMA1_Channel3_IRQHandler
                0x08012aa4                WWDG_IRQHandler
                0x08012aa4                DMA2_Channel6_IRQHandler
                0x08012aa4                FDCAN1_IT0_IRQHandler
                0x08012aa4                TIM2_IRQHandler
                0x08012aa4                COMP1_2_3_IRQHandler
                0x08012aa4                EXTI1_IRQHandler
                0x08012aa4                USART2_IRQHandler
                0x08012aa4                I2C2_ER_IRQHandler
                0x08012aa4                DMA1_Channel2_IRQHandler
                0x08012aa4                TIM8_BRK_IRQHandler
                0x08012aa4                FLASH_IRQHandler
                0x08012aa4                USART1_IRQHandler
                0x08012aa4                SPI3_IRQHandler
                0x08012aa4                I2C1_ER_IRQHandler
                0x08012aa4                LPTIM1_IRQHandler
                0x08012aa4                DMAMUX_OVR_IRQHandler
                0x08012aa4                USBWakeUp_IRQHandler
                0x08012aa4                SAI1_IRQHandler
                0x08012aa4                DMA2_Channel3_IRQHandler
                0x08012aa4                COMP4_IRQHandler
                0x08012aa4                TIM1_BRK_TIM15_IRQHandler
 .text.HAL_Init
                0x08012aa6       0x30 ./Drivers/STM32G4xx_HAL_Driver/Src/stm32g4xx_hal.o
                0x08012aa6                HAL_Init
 *fill*         0x08012ad6        0x2 
 .text.HAL_IncTick
                0x08012ad8       0x24 ./Drivers/STM32G4xx_HAL_Driver/Src/stm32g4xx_hal.o
                0x08012ad8                HAL_IncTick
 .text.HAL_GetTick
                0x08012afc       0x18 ./Drivers/STM32G4xx_HAL_Driver/Src/stm32g4xx_hal.o
                0x08012afc                HAL_GetTick
 .text.LL_ADC_SetCommonClock
                0x08012b14       0x26 ./Drivers/STM32G4xx_HAL_Driver/Src/stm32g4xx_hal_adc.o
 .text.LL_ADC_SetCommonPathInternalCh
                0x08012b3a       0x26 ./Drivers/STM32G4xx_HAL_Driver/Src/stm32g4xx_hal_adc.o
 .text.LL_ADC_GetCommonPathInternalCh
                0x08012b60       0x1c ./Drivers/STM32G4xx_HAL_Driver/Src/stm32g4xx_hal_adc.o
 .text.LL_ADC_GetResolution
                0x08012b7c       0x1c ./Drivers/STM32G4xx_HAL_Driver/Src/stm32g4xx_hal_adc.o
 .text.LL_ADC_SetOffset
                0x08012b98       0x48 ./Drivers/STM32G4xx_HAL_Driver/Src/stm32g4xx_hal_adc.o
 .text.LL_ADC_GetOffsetChannel
                0x08012be0       0x2c ./Drivers/STM32G4xx_HAL_Driver/Src/stm32g4xx_hal_adc.o
 .text.LL_ADC_SetOffsetState
                0x08012c0c       0x36 ./Drivers/STM32G4xx_HAL_Driver/Src/stm32g4xx_hal_adc.o
 .text.LL_ADC_SetOffsetSign
                0x08012c42       0x36 ./Drivers/STM32G4xx_HAL_Driver/Src/stm32g4xx_hal_adc.o
 .text.LL_ADC_SetOffsetSaturation
                0x08012c78       0x36 ./Drivers/STM32G4xx_HAL_Driver/Src/stm32g4xx_hal_adc.o
 .text.LL_ADC_SetSamplingTimeCommonConfig
                0x08012cae       0x26 ./Drivers/STM32G4xx_HAL_Driver/Src/stm32g4xx_hal_adc.o
 .text.LL_ADC_REG_IsTriggerSourceSWStart
                0x08012cd4       0x26 ./Drivers/STM32G4xx_HAL_Driver/Src/stm32g4xx_hal_adc.o
 .text.LL_ADC_REG_SetSequencerRanks
                0x08012cfa       0x58 ./Drivers/STM32G4xx_HAL_Driver/Src/stm32g4xx_hal_adc.o
 .text.LL_ADC_INJ_IsTriggerSourceSWStart
                0x08012d52       0x26 ./Drivers/STM32G4xx_HAL_Driver/Src/stm32g4xx_hal_adc.o
 .text.LL_ADC_SetChannelSamplingTime
                0x08012d78       0x56 ./Drivers/STM32G4xx_HAL_Driver/Src/stm32g4xx_hal_adc.o
 *fill*         0x08012dce        0x2 
 .text.LL_ADC_SetChannelSingleDiff
                0x08012dd0       0x48 ./Drivers/STM32G4xx_HAL_Driver/Src/stm32g4xx_hal_adc.o
 .text.LL_ADC_GetMultimode
                0x08012e18       0x1c ./Drivers/STM32G4xx_HAL_Driver/Src/stm32g4xx_hal_adc.o
 .text.LL_ADC_GetMultiDMATransfer
                0x08012e34       0x1c ./Drivers/STM32G4xx_HAL_Driver/Src/stm32g4xx_hal_adc.o
 .text.LL_ADC_DisableDeepPowerDown
                0x08012e50       0x24 ./Drivers/STM32G4xx_HAL_Driver/Src/stm32g4xx_hal_adc.o
 .text.LL_ADC_IsDeepPowerDownEnabled
                0x08012e74       0x28 ./Drivers/STM32G4xx_HAL_Driver/Src/stm32g4xx_hal_adc.o
 .text.LL_ADC_EnableInternalRegulator
                0x08012e9c       0x28 ./Drivers/STM32G4xx_HAL_Driver/Src/stm32g4xx_hal_adc.o
 .text.LL_ADC_IsInternalRegulatorEnabled
                0x08012ec4       0x28 ./Drivers/STM32G4xx_HAL_Driver/Src/stm32g4xx_hal_adc.o
 .text.LL_ADC_IsEnabled
                0x08012eec       0x26 ./Drivers/STM32G4xx_HAL_Driver/Src/stm32g4xx_hal_adc.o
 .text.LL_ADC_REG_IsConversionOngoing
                0x08012f12       0x26 ./Drivers/STM32G4xx_HAL_Driver/Src/stm32g4xx_hal_adc.o
 .text.LL_ADC_INJ_IsConversionOngoing
                0x08012f38       0x26 ./Drivers/STM32G4xx_HAL_Driver/Src/stm32g4xx_hal_adc.o
 *fill*         0x08012f5e        0x2 
 .text.HAL_ADC_Init
                0x08012f60      0x768 ./Drivers/STM32G4xx_HAL_Driver/Src/stm32g4xx_hal_adc.o
                0x08012f60                HAL_ADC_Init
 .text.HAL_ADC_IRQHandler
                0x080136c8      0x470 ./Drivers/STM32G4xx_HAL_Driver/Src/stm32g4xx_hal_adc.o
                0x080136c8                HAL_ADC_IRQHandler
 .text.HAL_ADC_ConvCpltCallback
                0x08013b38       0x14 ./Drivers/STM32G4xx_HAL_Driver/Src/stm32g4xx_hal_adc.o
                0x08013b38                HAL_ADC_ConvCpltCallback
 .text.HAL_ADC_LevelOutOfWindowCallback
                0x08013b4c       0x14 ./Drivers/STM32G4xx_HAL_Driver/Src/stm32g4xx_hal_adc.o
                0x08013b4c                HAL_ADC_LevelOutOfWindowCallback
 .text.HAL_ADC_ErrorCallback
                0x08013b60       0x14 ./Drivers/STM32G4xx_HAL_Driver/Src/stm32g4xx_hal_adc.o
                0x08013b60                HAL_ADC_ErrorCallback
 .text.HAL_ADC_ConfigChannel
                0x08013b74      0xc3c ./Drivers/STM32G4xx_HAL_Driver/Src/stm32g4xx_hal_adc.o
                0x08013b74                HAL_ADC_ConfigChannel
 .text.LL_ADC_IsEnabled
                0x080147b0       0x26 ./Drivers/STM32G4xx_HAL_Driver/Src/stm32g4xx_hal_adc_ex.o
 .text.LL_ADC_REG_IsConversionOngoing
                0x080147d6       0x26 ./Drivers/STM32G4xx_HAL_Driver/Src/stm32g4xx_hal_adc_ex.o
 .text.HAL_ADCEx_InjectedConvCpltCallback
                0x080147fc       0x14 ./Drivers/STM32G4xx_HAL_Driver/Src/stm32g4xx_hal_adc_ex.o
                0x080147fc                HAL_ADCEx_InjectedConvCpltCallback
 .text.HAL_ADCEx_InjectedQueueOverflowCallback
                0x08014810       0x14 ./Drivers/STM32G4xx_HAL_Driver/Src/stm32g4xx_hal_adc_ex.o
                0x08014810                HAL_ADCEx_InjectedQueueOverflowCallback
 .text.HAL_ADCEx_LevelOutOfWindow2Callback
                0x08014824       0x14 ./Drivers/STM32G4xx_HAL_Driver/Src/stm32g4xx_hal_adc_ex.o
                0x08014824                HAL_ADCEx_LevelOutOfWindow2Callback
 .text.HAL_ADCEx_LevelOutOfWindow3Callback
                0x08014838       0x14 ./Drivers/STM32G4xx_HAL_Driver/Src/stm32g4xx_hal_adc_ex.o
                0x08014838                HAL_ADCEx_LevelOutOfWindow3Callback
 .text.HAL_ADCEx_EndOfSamplingCallback
                0x0801484c       0x14 ./Drivers/STM32G4xx_HAL_Driver/Src/stm32g4xx_hal_adc_ex.o
                0x0801484c                HAL_ADCEx_EndOfSamplingCallback
 .text.HAL_ADCEx_MultiModeConfigChannel
                0x08014860      0x258 ./Drivers/STM32G4xx_HAL_Driver/Src/stm32g4xx_hal_adc_ex.o
                0x08014860                HAL_ADCEx_MultiModeConfigChannel
 .text.__NVIC_SetPriorityGrouping
                0x08014ab8       0x48 ./Drivers/STM32G4xx_HAL_Driver/Src/stm32g4xx_hal_cortex.o
 .text.__NVIC_GetPriorityGrouping
                0x08014b00       0x1c ./Drivers/STM32G4xx_HAL_Driver/Src/stm32g4xx_hal_cortex.o
 .text.__NVIC_EnableIRQ
                0x08014b1c       0x3c ./Drivers/STM32G4xx_HAL_Driver/Src/stm32g4xx_hal_cortex.o
 .text.__NVIC_SetPriority
                0x08014b58       0x54 ./Drivers/STM32G4xx_HAL_Driver/Src/stm32g4xx_hal_cortex.o
 .text.NVIC_EncodePriority
                0x08014bac       0x66 ./Drivers/STM32G4xx_HAL_Driver/Src/stm32g4xx_hal_cortex.o
 *fill*         0x08014c12        0x2 
 .text.__NVIC_SystemReset
                0x08014c14       0x2c ./Drivers/STM32G4xx_HAL_Driver/Src/stm32g4xx_hal_cortex.o
 .text.HAL_NVIC_SetPriorityGrouping
                0x08014c40       0x40 ./Drivers/STM32G4xx_HAL_Driver/Src/stm32g4xx_hal_cortex.o
                0x08014c40                HAL_NVIC_SetPriorityGrouping
 .text.HAL_NVIC_SetPriority
                0x08014c80       0x54 ./Drivers/STM32G4xx_HAL_Driver/Src/stm32g4xx_hal_cortex.o
                0x08014c80                HAL_NVIC_SetPriority
 .text.HAL_NVIC_EnableIRQ
                0x08014cd4       0x30 ./Drivers/STM32G4xx_HAL_Driver/Src/stm32g4xx_hal_cortex.o
                0x08014cd4                HAL_NVIC_EnableIRQ
 .text.HAL_NVIC_SystemReset
                0x08014d04        0x8 ./Drivers/STM32G4xx_HAL_Driver/Src/stm32g4xx_hal_cortex.o
                0x08014d04                HAL_NVIC_SystemReset
 .text.HAL_DAC_Init
                0x08014d0c       0x70 ./Drivers/STM32G4xx_HAL_Driver/Src/stm32g4xx_hal_dac.o
                0x08014d0c                HAL_DAC_Init
 .text.HAL_DAC_ConfigChannel
                0x08014d7c      0x56c ./Drivers/STM32G4xx_HAL_Driver/Src/stm32g4xx_hal_dac.o
                0x08014d7c                HAL_DAC_ConfigChannel
 .text.HAL_DMA_Init
                0x080152e8      0x2f8 ./Drivers/STM32G4xx_HAL_Driver/Src/stm32g4xx_hal_dma.o
                0x080152e8                HAL_DMA_Init
 .text.HAL_DMA_Abort
                0x080155e0       0xb2 ./Drivers/STM32G4xx_HAL_Driver/Src/stm32g4xx_hal_dma.o
                0x080155e0                HAL_DMA_Abort
 .text.HAL_DMA_Abort_IT
                0x08015692       0xce ./Drivers/STM32G4xx_HAL_Driver/Src/stm32g4xx_hal_dma.o
                0x08015692                HAL_DMA_Abort_IT
 .text.HAL_DMA_IRQHandler
                0x08015760      0x15e ./Drivers/STM32G4xx_HAL_Driver/Src/stm32g4xx_hal_dma.o
                0x08015760                HAL_DMA_IRQHandler
 *fill*         0x080158be        0x2 
 .text.DMA_CalcDMAMUXChannelBaseAndMask
                0x080158c0       0x7c ./Drivers/STM32G4xx_HAL_Driver/Src/stm32g4xx_hal_dma.o
 .text.DMA_CalcDMAMUXRequestGenBaseAndMask
                0x0801593c       0x48 ./Drivers/STM32G4xx_HAL_Driver/Src/stm32g4xx_hal_dma.o
 .text.HAL_FLASH_Program
                0x08015984       0xf4 ./Drivers/STM32G4xx_HAL_Driver/Src/stm32g4xx_hal_flash.o
                0x08015984                HAL_FLASH_Program
 .text.HAL_FLASH_Unlock
                0x08015a78       0x44 ./Drivers/STM32G4xx_HAL_Driver/Src/stm32g4xx_hal_flash.o
                0x08015a78                HAL_FLASH_Unlock
 .text.HAL_FLASH_Lock
                0x08015abc       0x34 ./Drivers/STM32G4xx_HAL_Driver/Src/stm32g4xx_hal_flash.o
                0x08015abc                HAL_FLASH_Lock
 .text.FLASH_WaitForLastOperation
                0x08015af0       0xa4 ./Drivers/STM32G4xx_HAL_Driver/Src/stm32g4xx_hal_flash.o
                0x08015af0                FLASH_WaitForLastOperation
 .text.FLASH_Program_DoubleWord
                0x08015b94       0xb0 ./Drivers/STM32G4xx_HAL_Driver/Src/stm32g4xx_hal_flash.o
 .text.FLASH_Program_Fast
                0x08015c44       0xb8 ./Drivers/STM32G4xx_HAL_Driver/Src/stm32g4xx_hal_flash.o
 .text.HAL_FLASHEx_Erase
                0x08015cfc      0x14c ./Drivers/STM32G4xx_HAL_Driver/Src/stm32g4xx_hal_flash_ex.o
                0x08015cfc                HAL_FLASHEx_Erase
 .text.FLASH_MassErase
                0x08015e48       0x4c ./Drivers/STM32G4xx_HAL_Driver/Src/stm32g4xx_hal_flash_ex.o
 .text.FLASH_PageErase
                0x08015e94       0xa4 ./Drivers/STM32G4xx_HAL_Driver/Src/stm32g4xx_hal_flash_ex.o
                0x08015e94                FLASH_PageErase
 .text.FLASH_FlushCaches
                0x08015f38       0x94 ./Drivers/STM32G4xx_HAL_Driver/Src/stm32g4xx_hal_flash_ex.o
                0x08015f38                FLASH_FlushCaches
 .text.HAL_GPIO_Init
                0x08015fcc      0x4a8 ./Drivers/STM32G4xx_HAL_Driver/Src/stm32g4xx_hal_gpio.o
                0x08015fcc                HAL_GPIO_Init
 .text.HAL_I2C_Init
                0x08016474      0x24c ./Drivers/STM32G4xx_HAL_Driver/Src/stm32g4xx_hal_i2c.o
                0x08016474                HAL_I2C_Init
 .text.HAL_I2CEx_ConfigAnalogFilter
                0x080166c0       0xe0 ./Drivers/STM32G4xx_HAL_Driver/Src/stm32g4xx_hal_i2c_ex.o
                0x080166c0                HAL_I2CEx_ConfigAnalogFilter
 .text.HAL_I2CEx_ConfigDigitalFilter
                0x080167a0       0xd8 ./Drivers/STM32G4xx_HAL_Driver/Src/stm32g4xx_hal_i2c_ex.o
                0x080167a0                HAL_I2CEx_ConfigDigitalFilter
 .text.HAL_PWREx_ControlVoltageScaling
                0x08016878      0x168 ./Drivers/STM32G4xx_HAL_Driver/Src/stm32g4xx_hal_pwr_ex.o
                0x08016878                HAL_PWREx_ControlVoltageScaling
 .text.HAL_PWREx_DisableUCPDDeadBattery
                0x080169e0       0x20 ./Drivers/STM32G4xx_HAL_Driver/Src/stm32g4xx_hal_pwr_ex.o
                0x080169e0                HAL_PWREx_DisableUCPDDeadBattery
 .text.HAL_RCC_OscConfig
                0x08016a00      0x818 ./Drivers/STM32G4xx_HAL_Driver/Src/stm32g4xx_hal_rcc.o
                0x08016a00                HAL_RCC_OscConfig
 .text.HAL_RCC_ClockConfig
                0x08017218      0x3fc ./Drivers/STM32G4xx_HAL_Driver/Src/stm32g4xx_hal_rcc.o
                0x08017218                HAL_RCC_ClockConfig
 .text.HAL_RCC_GetSysClockFreq
                0x08017614       0xc4 ./Drivers/STM32G4xx_HAL_Driver/Src/stm32g4xx_hal_rcc.o
                0x08017614                HAL_RCC_GetSysClockFreq
 .text.HAL_RCC_GetHCLKFreq
                0x080176d8       0x18 ./Drivers/STM32G4xx_HAL_Driver/Src/stm32g4xx_hal_rcc.o
                0x080176d8                HAL_RCC_GetHCLKFreq
 .text.HAL_RCC_GetPCLK1Freq
                0x080176f0       0x2c ./Drivers/STM32G4xx_HAL_Driver/Src/stm32g4xx_hal_rcc.o
                0x080176f0                HAL_RCC_GetPCLK1Freq
 .text.HAL_RCC_GetPCLK2Freq
                0x0801771c       0x2c ./Drivers/STM32G4xx_HAL_Driver/Src/stm32g4xx_hal_rcc.o
                0x0801771c                HAL_RCC_GetPCLK2Freq
 .text.HAL_RCC_GetClockConfig
                0x08017748       0x84 ./Drivers/STM32G4xx_HAL_Driver/Src/stm32g4xx_hal_rcc.o
                0x08017748                HAL_RCC_GetClockConfig
 .text.RCC_GetSysClockFreqFromPLLSource
                0x080177cc       0x8c ./Drivers/STM32G4xx_HAL_Driver/Src/stm32g4xx_hal_rcc.o
 .text.HAL_RCCEx_PeriphCLKConfig
                0x08017858      0x740 ./Drivers/STM32G4xx_HAL_Driver/Src/stm32g4xx_hal_rcc_ex.o
                0x08017858                HAL_RCCEx_PeriphCLKConfig
 .text.HAL_SPI_Init
                0x08017f98      0x3ec ./Drivers/STM32G4xx_HAL_Driver/Src/stm32g4xx_hal_spi.o
                0x08017f98                HAL_SPI_Init
 .text.HAL_TIM_Base_Init
                0x08018384      0x1fc ./Drivers/STM32G4xx_HAL_Driver/Src/stm32g4xx_hal_tim.o
                0x08018384                HAL_TIM_Base_Init
 .text.HAL_TIM_Base_MspInit
                0x08018580       0x14 ./Drivers/STM32G4xx_HAL_Driver/Src/stm32g4xx_hal_tim.o
                0x08018580                HAL_TIM_Base_MspInit
 .text.HAL_TIM_Base_Start_IT
                0x08018594      0x150 ./Drivers/STM32G4xx_HAL_Driver/Src/stm32g4xx_hal_tim.o
                0x08018594                HAL_TIM_Base_Start_IT
 .text.HAL_TIM_IRQHandler
                0x080186e4      0x29e ./Drivers/STM32G4xx_HAL_Driver/Src/stm32g4xx_hal_tim.o
                0x080186e4                HAL_TIM_IRQHandler
 .text.HAL_TIM_OC_DelayElapsedCallback
                0x08018982       0x14 ./Drivers/STM32G4xx_HAL_Driver/Src/stm32g4xx_hal_tim.o
                0x08018982                HAL_TIM_OC_DelayElapsedCallback
 .text.HAL_TIM_IC_CaptureCallback
                0x08018996       0x14 ./Drivers/STM32G4xx_HAL_Driver/Src/stm32g4xx_hal_tim.o
                0x08018996                HAL_TIM_IC_CaptureCallback
 .text.HAL_TIM_PWM_PulseFinishedCallback
                0x080189aa       0x14 ./Drivers/STM32G4xx_HAL_Driver/Src/stm32g4xx_hal_tim.o
                0x080189aa                HAL_TIM_PWM_PulseFinishedCallback
 .text.HAL_TIM_TriggerCallback
                0x080189be       0x14 ./Drivers/STM32G4xx_HAL_Driver/Src/stm32g4xx_hal_tim.o
                0x080189be                HAL_TIM_TriggerCallback
 *fill*         0x080189d2        0x2 
 .text.TIM_Base_SetConfig
                0x080189d4      0x138 ./Drivers/STM32G4xx_HAL_Driver/Src/stm32g4xx_hal_tim.o
                0x080189d4                TIM_Base_SetConfig
 .text.HAL_TIMEx_CommutCallback
                0x08018b0c       0x14 ./Drivers/STM32G4xx_HAL_Driver/Src/stm32g4xx_hal_tim_ex.o
                0x08018b0c                HAL_TIMEx_CommutCallback
 .text.HAL_TIMEx_BreakCallback
                0x08018b20       0x14 ./Drivers/STM32G4xx_HAL_Driver/Src/stm32g4xx_hal_tim_ex.o
                0x08018b20                HAL_TIMEx_BreakCallback
 .text.HAL_TIMEx_Break2Callback
                0x08018b34       0x14 ./Drivers/STM32G4xx_HAL_Driver/Src/stm32g4xx_hal_tim_ex.o
                0x08018b34                HAL_TIMEx_Break2Callback
 .text.HAL_TIMEx_EncoderIndexCallback
                0x08018b48       0x14 ./Drivers/STM32G4xx_HAL_Driver/Src/stm32g4xx_hal_tim_ex.o
                0x08018b48                HAL_TIMEx_EncoderIndexCallback
 .text.HAL_TIMEx_DirectionChangeCallback
                0x08018b5c       0x14 ./Drivers/STM32G4xx_HAL_Driver/Src/stm32g4xx_hal_tim_ex.o
                0x08018b5c                HAL_TIMEx_DirectionChangeCallback
 .text.HAL_TIMEx_IndexErrorCallback
                0x08018b70       0x14 ./Drivers/STM32G4xx_HAL_Driver/Src/stm32g4xx_hal_tim_ex.o
                0x08018b70                HAL_TIMEx_IndexErrorCallback
 .text.HAL_TIMEx_TransitionErrorCallback
                0x08018b84       0x14 ./Drivers/STM32G4xx_HAL_Driver/Src/stm32g4xx_hal_tim_ex.o
                0x08018b84                HAL_TIMEx_TransitionErrorCallback
 .text.HAL_UART_Init
                0x08018b98      0x13c ./Drivers/STM32G4xx_HAL_Driver/Src/stm32g4xx_hal_uart.o
                0x08018b98                HAL_UART_Init
 .text.HAL_UART_Transmit
                0x08018cd4      0x11c ./Drivers/STM32G4xx_HAL_Driver/Src/stm32g4xx_hal_uart.o
                0x08018cd4                HAL_UART_Transmit
 .text.HAL_UART_Receive_IT
                0x08018df0       0x98 ./Drivers/STM32G4xx_HAL_Driver/Src/stm32g4xx_hal_uart.o
                0x08018df0                HAL_UART_Receive_IT
 .text.HAL_UART_IRQHandler
                0x08018e88      0x648 ./Drivers/STM32G4xx_HAL_Driver/Src/stm32g4xx_hal_uart.o
                0x08018e88                HAL_UART_IRQHandler
 .text.HAL_UART_TxCpltCallback
                0x080194d0       0x14 ./Drivers/STM32G4xx_HAL_Driver/Src/stm32g4xx_hal_uart.o
                0x080194d0                HAL_UART_TxCpltCallback
 .text.HAL_UART_ErrorCallback
                0x080194e4       0x14 ./Drivers/STM32G4xx_HAL_Driver/Src/stm32g4xx_hal_uart.o
                0x080194e4                HAL_UART_ErrorCallback
 .text.HAL_UARTEx_RxEventCallback
                0x080194f8       0x18 ./Drivers/STM32G4xx_HAL_Driver/Src/stm32g4xx_hal_uart.o
                0x080194f8                HAL_UARTEx_RxEventCallback
 .text.UART_SetConfig
                0x08019510      0x75c ./Drivers/STM32G4xx_HAL_Driver/Src/stm32g4xx_hal_uart.o
                0x08019510                UART_SetConfig
 .text.UART_AdvFeatureConfig
                0x08019c6c      0x2b0 ./Drivers/STM32G4xx_HAL_Driver/Src/stm32g4xx_hal_uart.o
                0x08019c6c                UART_AdvFeatureConfig
 .text.UART_CheckIdleState
                0x08019f1c      0x154 ./Drivers/STM32G4xx_HAL_Driver/Src/stm32g4xx_hal_uart.o
                0x08019f1c                UART_CheckIdleState
 .text.UART_WaitOnFlagUntilTimeout
                0x0801a070       0xda ./Drivers/STM32G4xx_HAL_Driver/Src/stm32g4xx_hal_uart.o
                0x0801a070                UART_WaitOnFlagUntilTimeout
 *fill*         0x0801a14a        0x2 
 .text.UART_Start_Receive_IT
                0x0801a14c      0x244 ./Drivers/STM32G4xx_HAL_Driver/Src/stm32g4xx_hal_uart.o
                0x0801a14c                UART_Start_Receive_IT
 .text.UART_EndRxTransfer
                0x0801a390       0xcc ./Drivers/STM32G4xx_HAL_Driver/Src/stm32g4xx_hal_uart.o
 .text.UART_DMAAbortOnError
                0x0801a45c       0x2c ./Drivers/STM32G4xx_HAL_Driver/Src/stm32g4xx_hal_uart.o
 .text.UART_EndTransmit_IT
                0x0801a488       0x56 ./Drivers/STM32G4xx_HAL_Driver/Src/stm32g4xx_hal_uart.o
 *fill*         0x0801a4de        0x2 
 .text.UART_RxISR_8BIT
                0x0801a4e0      0x1b8 ./Drivers/STM32G4xx_HAL_Driver/Src/stm32g4xx_hal_uart.o
 .text.UART_RxISR_16BIT
                0x0801a698      0x1b8 ./Drivers/STM32G4xx_HAL_Driver/Src/stm32g4xx_hal_uart.o
 .text.UART_RxISR_8BIT_FIFOEN
                0x0801a850      0x360 ./Drivers/STM32G4xx_HAL_Driver/Src/stm32g4xx_hal_uart.o
 .text.UART_RxISR_16BIT_FIFOEN
                0x0801abb0      0x368 ./Drivers/STM32G4xx_HAL_Driver/Src/stm32g4xx_hal_uart.o
 .text.HAL_UARTEx_WakeupCallback
                0x0801af18       0x14 ./Drivers/STM32G4xx_HAL_Driver/Src/stm32g4xx_hal_uart_ex.o
                0x0801af18                HAL_UARTEx_WakeupCallback
 .text.HAL_UARTEx_RxFifoFullCallback
                0x0801af2c       0x14 ./Drivers/STM32G4xx_HAL_Driver/Src/stm32g4xx_hal_uart_ex.o
                0x0801af2c                HAL_UARTEx_RxFifoFullCallback
 .text.HAL_UARTEx_TxFifoEmptyCallback
                0x0801af40       0x14 ./Drivers/STM32G4xx_HAL_Driver/Src/stm32g4xx_hal_uart_ex.o
                0x0801af40                HAL_UARTEx_TxFifoEmptyCallback
 .text.HAL_UARTEx_DisableFifoMode
                0x0801af54       0xc4 ./Drivers/STM32G4xx_HAL_Driver/Src/stm32g4xx_hal_uart_ex.o
                0x0801af54                HAL_UARTEx_DisableFifoMode
 .text.HAL_UARTEx_SetTxFifoThreshold
                0x0801b018      0x108 ./Drivers/STM32G4xx_HAL_Driver/Src/stm32g4xx_hal_uart_ex.o
                0x0801b018                HAL_UARTEx_SetTxFifoThreshold
 .text.HAL_UARTEx_SetRxFifoThreshold
                0x0801b120      0x108 ./Drivers/STM32G4xx_HAL_Driver/Src/stm32g4xx_hal_uart_ex.o
                0x0801b120                HAL_UARTEx_SetRxFifoThreshold
 .text.UARTEx_SetNbDataToProcess
                0x0801b228       0x9c ./Drivers/STM32G4xx_HAL_Driver/Src/stm32g4xx_hal_uart_ex.o
 .text.makeFreeRtosPriority
                0x0801b2c4       0x30 ./Middlewares/Third_Party/FreeRTOS/Source/CMSIS_RTOS/cmsis_os.o
 .text.osKernelStart
                0x0801b2f4        0xe ./Middlewares/Third_Party/FreeRTOS/Source/CMSIS_RTOS/cmsis_os.o
                0x0801b2f4                osKernelStart
 .text.osThreadCreate
                0x0801b302       0x4e ./Middlewares/Third_Party/FreeRTOS/Source/CMSIS_RTOS/cmsis_os.o
                0x0801b302                osThreadCreate
 .text.osDelay  0x0801b350       0x28 ./Middlewares/Third_Party/FreeRTOS/Source/CMSIS_RTOS/cmsis_os.o
                0x0801b350                osDelay
 .text.vListInitialise
                0x0801b378       0x40 ./Middlewares/Third_Party/FreeRTOS/Source/list.o
                0x0801b378                vListInitialise
 .text.vListInitialiseItem
                0x0801b3b8       0x1a ./Middlewares/Third_Party/FreeRTOS/Source/list.o
                0x0801b3b8                vListInitialiseItem
 .text.vListInsertEnd
                0x0801b3d2       0x48 ./Middlewares/Third_Party/FreeRTOS/Source/list.o
                0x0801b3d2                vListInsertEnd
 .text.vListInsert
                0x0801b41a       0x72 ./Middlewares/Third_Party/FreeRTOS/Source/list.o
                0x0801b41a                vListInsert
 .text.uxListRemove
                0x0801b48c       0x54 ./Middlewares/Third_Party/FreeRTOS/Source/list.o
                0x0801b48c                uxListRemove
 .text.xTaskCreate
                0x0801b4e0       0x82 ./Middlewares/Third_Party/FreeRTOS/Source/tasks.o
                0x0801b4e0                xTaskCreate
 .text.prvInitialiseNewTask
                0x0801b562      0x110 ./Middlewares/Third_Party/FreeRTOS/Source/tasks.o
 *fill*         0x0801b672        0x2 
 .text.prvAddNewTaskToReadyList
                0x0801b674       0xd4 ./Middlewares/Third_Party/FreeRTOS/Source/tasks.o
 .text.vTaskDelay
                0x0801b748       0x6c ./Middlewares/Third_Party/FreeRTOS/Source/tasks.o
                0x0801b748                vTaskDelay
 .text.vTaskStartScheduler
                0x0801b7b4       0x94 ./Middlewares/Third_Party/FreeRTOS/Source/tasks.o
                0x0801b7b4                vTaskStartScheduler
 .text.vTaskSuspendAll
                0x0801b848       0x1c ./Middlewares/Third_Party/FreeRTOS/Source/tasks.o
                0x0801b848                vTaskSuspendAll
 .text.xTaskResumeAll
                0x0801b864      0x13c ./Middlewares/Third_Party/FreeRTOS/Source/tasks.o
                0x0801b864                xTaskResumeAll
 .text.xTaskIncrementTick
                0x0801b9a0      0x174 ./Middlewares/Third_Party/FreeRTOS/Source/tasks.o
                0x0801b9a0                xTaskIncrementTick
 .text.vTaskSwitchContext
                0x0801bb14       0xb8 ./Middlewares/Third_Party/FreeRTOS/Source/tasks.o
                0x0801bb14                vTaskSwitchContext
 .text.prvIdleTask
                0x0801bbcc       0x30 ./Middlewares/Third_Party/FreeRTOS/Source/tasks.o
 .text.prvInitialiseTaskLists
                0x0801bbfc       0x80 ./Middlewares/Third_Party/FreeRTOS/Source/tasks.o
 .text.prvCheckTasksWaitingTermination
                0x0801bc7c       0x5c ./Middlewares/Third_Party/FreeRTOS/Source/tasks.o
 .text.prvDeleteTCB
                0x0801bcd8       0x20 ./Middlewares/Third_Party/FreeRTOS/Source/tasks.o
 .text.prvResetNextTaskUnblockTime
                0x0801bcf8       0x40 ./Middlewares/Third_Party/FreeRTOS/Source/tasks.o
 .text.prvAddCurrentTaskToDelayedList
                0x0801bd38       0xcc ./Middlewares/Third_Party/FreeRTOS/Source/tasks.o
 .text.pxPortInitialiseStack
                0x0801be04       0x68 ./Middlewares/Third_Party/FreeRTOS/Source/portable/GCC/ARM_CM4F/port.o
                0x0801be04                pxPortInitialiseStack
 .text.prvTaskExitError
                0x0801be6c       0x5c ./Middlewares/Third_Party/FreeRTOS/Source/portable/GCC/ARM_CM4F/port.o
 *fill*         0x0801bec8        0x8 
 .text.SVC_Handler
                0x0801bed0       0x28 ./Middlewares/Third_Party/FreeRTOS/Source/portable/GCC/ARM_CM4F/port.o
                0x0801bed0                SVC_Handler
 .text.prvPortStartFirstTask
                0x0801bef8       0x28 ./Middlewares/Third_Party/FreeRTOS/Source/portable/GCC/ARM_CM4F/port.o
 .text.xPortStartScheduler
                0x0801bf20      0x148 ./Middlewares/Third_Party/FreeRTOS/Source/portable/GCC/ARM_CM4F/port.o
                0x0801bf20                xPortStartScheduler
 .text.vPortEnterCritical
                0x0801c068       0x64 ./Middlewares/Third_Party/FreeRTOS/Source/portable/GCC/ARM_CM4F/port.o
                0x0801c068                vPortEnterCritical
 .text.vPortExitCritical
                0x0801c0cc       0x54 ./Middlewares/Third_Party/FreeRTOS/Source/portable/GCC/ARM_CM4F/port.o
                0x0801c0cc                vPortExitCritical
 .text.PendSV_Handler
                0x0801c120       0x68 ./Middlewares/Third_Party/FreeRTOS/Source/portable/GCC/ARM_CM4F/port.o
                0x0801c120                PendSV_Handler
 .text.SysTick_Handler
                0x0801c188       0x44 ./Middlewares/Third_Party/FreeRTOS/Source/portable/GCC/ARM_CM4F/port.o
                0x0801c188                SysTick_Handler
 .text.vPortSetupTimerInterrupt
                0x0801c1cc       0x48 ./Middlewares/Third_Party/FreeRTOS/Source/portable/GCC/ARM_CM4F/port.o
                0x0801c1cc                vPortSetupTimerInterrupt
 .text.vPortEnableVFP
                0x0801c214       0x14 ./Middlewares/Third_Party/FreeRTOS/Source/portable/GCC/ARM_CM4F/port.o
 .text.pvPortMalloc
                0x0801c228       0x24 ./Middlewares/Third_Party/FreeRTOS/Source/portable/MemMang/heap_3.o
                0x0801c228                pvPortMalloc
 .text.vPortFree
                0x0801c24c       0x24 ./Middlewares/Third_Party/FreeRTOS/Source/portable/MemMang/heap_3.o
                0x0801c24c                vPortFree
 .text.atoi     0x0801c270        0x8 D:/ST_CUBE_IDE/STM32CubeIDE_1.15.1/STM32CubeIDE/plugins/com.st.stm32cube.ide.mcu.externaltools.gnu-tools-for-stm32.12.3.rel1.win32_1.0.100.202403111256/tools/bin/../lib/gcc/arm-none-eabi/12.3.1/../../../../arm-none-eabi/lib/thumb/v7e-m+fp/hard\libc_nano.a(libc_a-atoi.o)
                0x0801c270                atoi
 .text.malloc   0x0801c278       0x10 D:/ST_CUBE_IDE/STM32CubeIDE_1.15.1/STM32CubeIDE/plugins/com.st.stm32cube.ide.mcu.externaltools.gnu-tools-for-stm32.12.3.rel1.win32_1.0.100.202403111256/tools/bin/../lib/gcc/arm-none-eabi/12.3.1/../../../../arm-none-eabi/lib/thumb/v7e-m+fp/hard\libc_nano.a(libc_a-malloc.o)
                0x0801c278                malloc
 .text.free     0x0801c288       0x10 D:/ST_CUBE_IDE/STM32CubeIDE_1.15.1/STM32CubeIDE/plugins/com.st.stm32cube.ide.mcu.externaltools.gnu-tools-for-stm32.12.3.rel1.win32_1.0.100.202403111256/tools/bin/../lib/gcc/arm-none-eabi/12.3.1/../../../../arm-none-eabi/lib/thumb/v7e-m+fp/hard\libc_nano.a(libc_a-malloc.o)
                0x0801c288                free
 .text.sbrk_aligned
                0x0801c298       0x44 D:/ST_CUBE_IDE/STM32CubeIDE_1.15.1/STM32CubeIDE/plugins/com.st.stm32cube.ide.mcu.externaltools.gnu-tools-for-stm32.12.3.rel1.win32_1.0.100.202403111256/tools/bin/../lib/gcc/arm-none-eabi/12.3.1/../../../../arm-none-eabi/lib/thumb/v7e-m+fp/hard\libc_nano.a(libc_a-mallocr.o)
 .text._malloc_r
                0x0801c2dc      0x100 D:/ST_CUBE_IDE/STM32CubeIDE_1.15.1/STM32CubeIDE/plugins/com.st.stm32cube.ide.mcu.externaltools.gnu-tools-for-stm32.12.3.rel1.win32_1.0.100.202403111256/tools/bin/../lib/gcc/arm-none-eabi/12.3.1/../../../../arm-none-eabi/lib/thumb/v7e-m+fp/hard\libc_nano.a(libc_a-mallocr.o)
                0x0801c2dc                _malloc_r
 .text.__malloc_lock
                0x0801c3dc        0xc D:/ST_CUBE_IDE/STM32CubeIDE_1.15.1/STM32CubeIDE/plugins/com.st.stm32cube.ide.mcu.externaltools.gnu-tools-for-stm32.12.3.rel1.win32_1.0.100.202403111256/tools/bin/../lib/gcc/arm-none-eabi/12.3.1/../../../../arm-none-eabi/lib/thumb/v7e-m+fp/hard\libc_nano.a(libc_a-mlock.o)
                0x0801c3dc                __malloc_lock
 .text.__malloc_unlock
                0x0801c3e8        0xc D:/ST_CUBE_IDE/STM32CubeIDE_1.15.1/STM32CubeIDE/plugins/com.st.stm32cube.ide.mcu.externaltools.gnu-tools-for-stm32.12.3.rel1.win32_1.0.100.202403111256/tools/bin/../lib/gcc/arm-none-eabi/12.3.1/../../../../arm-none-eabi/lib/thumb/v7e-m+fp/hard\libc_nano.a(libc_a-mlock.o)
                0x0801c3e8                __malloc_unlock
 .text._strtol_l.constprop.0
                0x0801c3f4       0xf4 D:/ST_CUBE_IDE/STM32CubeIDE_1.15.1/STM32CubeIDE/plugins/com.st.stm32cube.ide.mcu.externaltools.gnu-tools-for-stm32.12.3.rel1.win32_1.0.100.202403111256/tools/bin/../lib/gcc/arm-none-eabi/12.3.1/../../../../arm-none-eabi/lib/thumb/v7e-m+fp/hard\libc_nano.a(libc_a-strtol.o)
 .text.strtol   0x0801c4e8       0x14 D:/ST_CUBE_IDE/STM32CubeIDE_1.15.1/STM32CubeIDE/plugins/com.st.stm32cube.ide.mcu.externaltools.gnu-tools-for-stm32.12.3.rel1.win32_1.0.100.202403111256/tools/bin/../lib/gcc/arm-none-eabi/12.3.1/../../../../arm-none-eabi/lib/thumb/v7e-m+fp/hard\libc_nano.a(libc_a-strtol.o)
                0x0801c4e8                strtol
 .text.std      0x0801c4fc       0x6c D:/ST_CUBE_IDE/STM32CubeIDE_1.15.1/STM32CubeIDE/plugins/com.st.stm32cube.ide.mcu.externaltools.gnu-tools-for-stm32.12.3.rel1.win32_1.0.100.202403111256/tools/bin/../lib/gcc/arm-none-eabi/12.3.1/../../../../arm-none-eabi/lib/thumb/v7e-m+fp/hard\libc_nano.a(libc_a-findfp.o)
 .text.stdio_exit_handler
                0x0801c568       0x18 D:/ST_CUBE_IDE/STM32CubeIDE_1.15.1/STM32CubeIDE/plugins/com.st.stm32cube.ide.mcu.externaltools.gnu-tools-for-stm32.12.3.rel1.win32_1.0.100.202403111256/tools/bin/../lib/gcc/arm-none-eabi/12.3.1/../../../../arm-none-eabi/lib/thumb/v7e-m+fp/hard\libc_nano.a(libc_a-findfp.o)
 .text.cleanup_stdio
                0x0801c580       0x40 D:/ST_CUBE_IDE/STM32CubeIDE_1.15.1/STM32CubeIDE/plugins/com.st.stm32cube.ide.mcu.externaltools.gnu-tools-for-stm32.12.3.rel1.win32_1.0.100.202403111256/tools/bin/../lib/gcc/arm-none-eabi/12.3.1/../../../../arm-none-eabi/lib/thumb/v7e-m+fp/hard\libc_nano.a(libc_a-findfp.o)
 .text.global_stdio_init.part.0
                0x0801c5c0       0x3c D:/ST_CUBE_IDE/STM32CubeIDE_1.15.1/STM32CubeIDE/plugins/com.st.stm32cube.ide.mcu.externaltools.gnu-tools-for-stm32.12.3.rel1.win32_1.0.100.202403111256/tools/bin/../lib/gcc/arm-none-eabi/12.3.1/../../../../arm-none-eabi/lib/thumb/v7e-m+fp/hard\libc_nano.a(libc_a-findfp.o)
 .text.__sfp_lock_acquire
                0x0801c5fc        0xc D:/ST_CUBE_IDE/STM32CubeIDE_1.15.1/STM32CubeIDE/plugins/com.st.stm32cube.ide.mcu.externaltools.gnu-tools-for-stm32.12.3.rel1.win32_1.0.100.202403111256/tools/bin/../lib/gcc/arm-none-eabi/12.3.1/../../../../arm-none-eabi/lib/thumb/v7e-m+fp/hard\libc_nano.a(libc_a-findfp.o)
                0x0801c5fc                __sfp_lock_acquire
 .text.__sfp_lock_release
                0x0801c608        0xc D:/ST_CUBE_IDE/STM32CubeIDE_1.15.1/STM32CubeIDE/plugins/com.st.stm32cube.ide.mcu.externaltools.gnu-tools-for-stm32.12.3.rel1.win32_1.0.100.202403111256/tools/bin/../lib/gcc/arm-none-eabi/12.3.1/../../../../arm-none-eabi/lib/thumb/v7e-m+fp/hard\libc_nano.a(libc_a-findfp.o)
                0x0801c608                __sfp_lock_release
 .text.__sinit  0x0801c614       0x30 D:/ST_CUBE_IDE/STM32CubeIDE_1.15.1/STM32CubeIDE/plugins/com.st.stm32cube.ide.mcu.externaltools.gnu-tools-for-stm32.12.3.rel1.win32_1.0.100.202403111256/tools/bin/../lib/gcc/arm-none-eabi/12.3.1/../../../../arm-none-eabi/lib/thumb/v7e-m+fp/hard\libc_nano.a(libc_a-findfp.o)
                0x0801c614                __sinit
 .text._fwalk_sglue
                0x0801c644       0x3c D:/ST_CUBE_IDE/STM32CubeIDE_1.15.1/STM32CubeIDE/plugins/com.st.stm32cube.ide.mcu.externaltools.gnu-tools-for-stm32.12.3.rel1.win32_1.0.100.202403111256/tools/bin/../lib/gcc/arm-none-eabi/12.3.1/../../../../arm-none-eabi/lib/thumb/v7e-m+fp/hard\libc_nano.a(libc_a-fwalk.o)
                0x0801c644                _fwalk_sglue
 .text.printf   0x0801c680       0x24 D:/ST_CUBE_IDE/STM32CubeIDE_1.15.1/STM32CubeIDE/plugins/com.st.stm32cube.ide.mcu.externaltools.gnu-tools-for-stm32.12.3.rel1.win32_1.0.100.202403111256/tools/bin/../lib/gcc/arm-none-eabi/12.3.1/../../../../arm-none-eabi/lib/thumb/v7e-m+fp/hard\libc_nano.a(libc_a-printf.o)
                0x0801c680                iprintf
                0x0801c680                printf
 .text._puts_r  0x0801c6a4       0xaa D:/ST_CUBE_IDE/STM32CubeIDE_1.15.1/STM32CubeIDE/plugins/com.st.stm32cube.ide.mcu.externaltools.gnu-tools-for-stm32.12.3.rel1.win32_1.0.100.202403111256/tools/bin/../lib/gcc/arm-none-eabi/12.3.1/../../../../arm-none-eabi/lib/thumb/v7e-m+fp/hard\libc_nano.a(libc_a-puts.o)
                0x0801c6a4                _puts_r
 *fill*         0x0801c74e        0x2 
 .text.puts     0x0801c750       0x10 D:/ST_CUBE_IDE/STM32CubeIDE_1.15.1/STM32CubeIDE/plugins/com.st.stm32cube.ide.mcu.externaltools.gnu-tools-for-stm32.12.3.rel1.win32_1.0.100.202403111256/tools/bin/../lib/gcc/arm-none-eabi/12.3.1/../../../../arm-none-eabi/lib/thumb/v7e-m+fp/hard\libc_nano.a(libc_a-puts.o)
                0x0801c750                puts
 .text.setbuf   0x0801c760       0x10 D:/ST_CUBE_IDE/STM32CubeIDE_1.15.1/STM32CubeIDE/plugins/com.st.stm32cube.ide.mcu.externaltools.gnu-tools-for-stm32.12.3.rel1.win32_1.0.100.202403111256/tools/bin/../lib/gcc/arm-none-eabi/12.3.1/../../../../arm-none-eabi/lib/thumb/v7e-m+fp/hard\libc_nano.a(libc_a-setbuf.o)
                0x0801c760                setbuf
 .text.setvbuf  0x0801c770      0x168 D:/ST_CUBE_IDE/STM32CubeIDE_1.15.1/STM32CubeIDE/plugins/com.st.stm32cube.ide.mcu.externaltools.gnu-tools-for-stm32.12.3.rel1.win32_1.0.100.202403111256/tools/bin/../lib/gcc/arm-none-eabi/12.3.1/../../../../arm-none-eabi/lib/thumb/v7e-m+fp/hard\libc_nano.a(libc_a-setvbuf.o)
                0x0801c770                setvbuf
 .text.__sread  0x0801c8d8       0x22 D:/ST_CUBE_IDE/STM32CubeIDE_1.15.1/STM32CubeIDE/plugins/com.st.stm32cube.ide.mcu.externaltools.gnu-tools-for-stm32.12.3.rel1.win32_1.0.100.202403111256/tools/bin/../lib/gcc/arm-none-eabi/12.3.1/../../../../arm-none-eabi/lib/thumb/v7e-m+fp/hard\libc_nano.a(libc_a-stdio.o)
                0x0801c8d8                __sread
 .text.__swrite
                0x0801c8fa       0x38 D:/ST_CUBE_IDE/STM32CubeIDE_1.15.1/STM32CubeIDE/plugins/com.st.stm32cube.ide.mcu.externaltools.gnu-tools-for-stm32.12.3.rel1.win32_1.0.100.202403111256/tools/bin/../lib/gcc/arm-none-eabi/12.3.1/../../../../arm-none-eabi/lib/thumb/v7e-m+fp/hard\libc_nano.a(libc_a-stdio.o)
                0x0801c8fa                __swrite
 .text.__sseek  0x0801c932       0x24 D:/ST_CUBE_IDE/STM32CubeIDE_1.15.1/STM32CubeIDE/plugins/com.st.stm32cube.ide.mcu.externaltools.gnu-tools-for-stm32.12.3.rel1.win32_1.0.100.202403111256/tools/bin/../lib/gcc/arm-none-eabi/12.3.1/../../../../arm-none-eabi/lib/thumb/v7e-m+fp/hard\libc_nano.a(libc_a-stdio.o)
                0x0801c932                __sseek
 .text.__sclose
                0x0801c956        0x8 D:/ST_CUBE_IDE/STM32CubeIDE_1.15.1/STM32CubeIDE/plugins/com.st.stm32cube.ide.mcu.externaltools.gnu-tools-for-stm32.12.3.rel1.win32_1.0.100.202403111256/tools/bin/../lib/gcc/arm-none-eabi/12.3.1/../../../../arm-none-eabi/lib/thumb/v7e-m+fp/hard\libc_nano.a(libc_a-stdio.o)
                0x0801c956                __sclose
 .text.__swbuf_r
                0x0801c95e       0x7c D:/ST_CUBE_IDE/STM32CubeIDE_1.15.1/STM32CubeIDE/plugins/com.st.stm32cube.ide.mcu.externaltools.gnu-tools-for-stm32.12.3.rel1.win32_1.0.100.202403111256/tools/bin/../lib/gcc/arm-none-eabi/12.3.1/../../../../arm-none-eabi/lib/thumb/v7e-m+fp/hard\libc_nano.a(libc_a-wbuf.o)
                0x0801c95e                __swbuf_r
 *fill*         0x0801c9da        0x2 
 .text.__swsetup_r
                0x0801c9dc       0xac D:/ST_CUBE_IDE/STM32CubeIDE_1.15.1/STM32CubeIDE/plugins/com.st.stm32cube.ide.mcu.externaltools.gnu-tools-for-stm32.12.3.rel1.win32_1.0.100.202403111256/tools/bin/../lib/gcc/arm-none-eabi/12.3.1/../../../../arm-none-eabi/lib/thumb/v7e-m+fp/hard\libc_nano.a(libc_a-wsetup.o)
                0x0801c9dc                __swsetup_r
 .text.memset   0x0801ca88       0x10 D:/ST_CUBE_IDE/STM32CubeIDE_1.15.1/STM32CubeIDE/plugins/com.st.stm32cube.ide.mcu.externaltools.gnu-tools-for-stm32.12.3.rel1.win32_1.0.100.202403111256/tools/bin/../lib/gcc/arm-none-eabi/12.3.1/../../../../arm-none-eabi/lib/thumb/v7e-m+fp/hard\libc_nano.a(libc_a-memset.o)
                0x0801ca88                memset
 .text.strtok   0x0801ca98       0x68 D:/ST_CUBE_IDE/STM32CubeIDE_1.15.1/STM32CubeIDE/plugins/com.st.stm32cube.ide.mcu.externaltools.gnu-tools-for-stm32.12.3.rel1.win32_1.0.100.202403111256/tools/bin/../lib/gcc/arm-none-eabi/12.3.1/../../../../arm-none-eabi/lib/thumb/v7e-m+fp/hard\libc_nano.a(libc_a-strtok.o)
                0x0801ca98                strtok
 .text.__strtok_r
                0x0801cb00       0x50 D:/ST_CUBE_IDE/STM32CubeIDE_1.15.1/STM32CubeIDE/plugins/com.st.stm32cube.ide.mcu.externaltools.gnu-tools-for-stm32.12.3.rel1.win32_1.0.100.202403111256/tools/bin/../lib/gcc/arm-none-eabi/12.3.1/../../../../arm-none-eabi/lib/thumb/v7e-m+fp/hard\libc_nano.a(libc_a-strtok_r.o)
                0x0801cb00                __strtok_r
 .text._close_r
                0x0801cb50       0x20 D:/ST_CUBE_IDE/STM32CubeIDE_1.15.1/STM32CubeIDE/plugins/com.st.stm32cube.ide.mcu.externaltools.gnu-tools-for-stm32.12.3.rel1.win32_1.0.100.202403111256/tools/bin/../lib/gcc/arm-none-eabi/12.3.1/../../../../arm-none-eabi/lib/thumb/v7e-m+fp/hard\libc_nano.a(libc_a-closer.o)
                0x0801cb50                _close_r
 .text._lseek_r
                0x0801cb70       0x24 D:/ST_CUBE_IDE/STM32CubeIDE_1.15.1/STM32CubeIDE/plugins/com.st.stm32cube.ide.mcu.externaltools.gnu-tools-for-stm32.12.3.rel1.win32_1.0.100.202403111256/tools/bin/../lib/gcc/arm-none-eabi/12.3.1/../../../../arm-none-eabi/lib/thumb/v7e-m+fp/hard\libc_nano.a(libc_a-lseekr.o)
                0x0801cb70                _lseek_r
 .text._read_r  0x0801cb94       0x24 D:/ST_CUBE_IDE/STM32CubeIDE_1.15.1/STM32CubeIDE/plugins/com.st.stm32cube.ide.mcu.externaltools.gnu-tools-for-stm32.12.3.rel1.win32_1.0.100.202403111256/tools/bin/../lib/gcc/arm-none-eabi/12.3.1/../../../../arm-none-eabi/lib/thumb/v7e-m+fp/hard\libc_nano.a(libc_a-readr.o)
                0x0801cb94                _read_r
 .text._sbrk_r  0x0801cbb8       0x20 D:/ST_CUBE_IDE/STM32CubeIDE_1.15.1/STM32CubeIDE/plugins/com.st.stm32cube.ide.mcu.externaltools.gnu-tools-for-stm32.12.3.rel1.win32_1.0.100.202403111256/tools/bin/../lib/gcc/arm-none-eabi/12.3.1/../../../../arm-none-eabi/lib/thumb/v7e-m+fp/hard\libc_nano.a(libc_a-sbrkr.o)
                0x0801cbb8                _sbrk_r
 .text._write_r
                0x0801cbd8       0x24 D:/ST_CUBE_IDE/STM32CubeIDE_1.15.1/STM32CubeIDE/plugins/com.st.stm32cube.ide.mcu.externaltools.gnu-tools-for-stm32.12.3.rel1.win32_1.0.100.202403111256/tools/bin/../lib/gcc/arm-none-eabi/12.3.1/../../../../arm-none-eabi/lib/thumb/v7e-m+fp/hard\libc_nano.a(libc_a-writer.o)
                0x0801cbd8                _write_r
 .text.__errno  0x0801cbfc        0xc D:/ST_CUBE_IDE/STM32CubeIDE_1.15.1/STM32CubeIDE/plugins/com.st.stm32cube.ide.mcu.externaltools.gnu-tools-for-stm32.12.3.rel1.win32_1.0.100.202403111256/tools/bin/../lib/gcc/arm-none-eabi/12.3.1/../../../../arm-none-eabi/lib/thumb/v7e-m+fp/hard\libc_nano.a(libc_a-errno.o)
                0x0801cbfc                __errno
 .text.__libc_init_array
                0x0801cc08       0x48 D:/ST_CUBE_IDE/STM32CubeIDE_1.15.1/STM32CubeIDE/plugins/com.st.stm32cube.ide.mcu.externaltools.gnu-tools-for-stm32.12.3.rel1.win32_1.0.100.202403111256/tools/bin/../lib/gcc/arm-none-eabi/12.3.1/../../../../arm-none-eabi/lib/thumb/v7e-m+fp/hard\libc_nano.a(libc_a-init.o)
                0x0801cc08                __libc_init_array
 .text.__retarget_lock_init_recursive
                0x0801cc50        0x2 D:/ST_CUBE_IDE/STM32CubeIDE_1.15.1/STM32CubeIDE/plugins/com.st.stm32cube.ide.mcu.externaltools.gnu-tools-for-stm32.12.3.rel1.win32_1.0.100.202403111256/tools/bin/../lib/gcc/arm-none-eabi/12.3.1/../../../../arm-none-eabi/lib/thumb/v7e-m+fp/hard\libc_nano.a(libc_a-lock.o)
                0x0801cc50                __retarget_lock_init_recursive
 .text.__retarget_lock_acquire_recursive
                0x0801cc52        0x2 D:/ST_CUBE_IDE/STM32CubeIDE_1.15.1/STM32CubeIDE/plugins/com.st.stm32cube.ide.mcu.externaltools.gnu-tools-for-stm32.12.3.rel1.win32_1.0.100.202403111256/tools/bin/../lib/gcc/arm-none-eabi/12.3.1/../../../../arm-none-eabi/lib/thumb/v7e-m+fp/hard\libc_nano.a(libc_a-lock.o)
                0x0801cc52                __retarget_lock_acquire_recursive
 .text.__retarget_lock_release_recursive
                0x0801cc54        0x2 D:/ST_CUBE_IDE/STM32CubeIDE_1.15.1/STM32CubeIDE/plugins/com.st.stm32cube.ide.mcu.externaltools.gnu-tools-for-stm32.12.3.rel1.win32_1.0.100.202403111256/tools/bin/../lib/gcc/arm-none-eabi/12.3.1/../../../../arm-none-eabi/lib/thumb/v7e-m+fp/hard\libc_nano.a(libc_a-lock.o)
                0x0801cc54                __retarget_lock_release_recursive
 .text.strcpy   0x0801cc56       0x10 D:/ST_CUBE_IDE/STM32CubeIDE_1.15.1/STM32CubeIDE/plugins/com.st.stm32cube.ide.mcu.externaltools.gnu-tools-for-stm32.12.3.rel1.win32_1.0.100.202403111256/tools/bin/../lib/gcc/arm-none-eabi/12.3.1/../../../../arm-none-eabi/lib/thumb/v7e-m+fp/hard\libc_nano.a(libc_a-strcpy.o)
                0x0801cc56                strcpy
 *fill*         0x0801cc66        0x2 
 .text.__assert_func
                0x0801cc68       0x3c D:/ST_CUBE_IDE/STM32CubeIDE_1.15.1/STM32CubeIDE/plugins/com.st.stm32cube.ide.mcu.externaltools.gnu-tools-for-stm32.12.3.rel1.win32_1.0.100.202403111256/tools/bin/../lib/gcc/arm-none-eabi/12.3.1/../../../../arm-none-eabi/lib/thumb/v7e-m+fp/hard\libc_nano.a(libc_a-assert.o)
                0x0801cc68                __assert_func
 .text._free_r  0x0801cca4       0x94 D:/ST_CUBE_IDE/STM32CubeIDE_1.15.1/STM32CubeIDE/plugins/com.st.stm32cube.ide.mcu.externaltools.gnu-tools-for-stm32.12.3.rel1.win32_1.0.100.202403111256/tools/bin/../lib/gcc/arm-none-eabi/12.3.1/../../../../arm-none-eabi/lib/thumb/v7e-m+fp/hard\libc_nano.a(libc_a-freer.o)
                0x0801cca4                _free_r
 .text.__sfputc_r
                0x0801cd38       0x2e D:/ST_CUBE_IDE/STM32CubeIDE_1.15.1/STM32CubeIDE/plugins/com.st.stm32cube.ide.mcu.externaltools.gnu-tools-for-stm32.12.3.rel1.win32_1.0.100.202403111256/tools/bin/../lib/gcc/arm-none-eabi/12.3.1/../../../../arm-none-eabi/lib/thumb/v7e-m+fp/hard\libc_nano.a(libc_a-nano-vfprintf.o)
 .text.__sfputs_r
                0x0801cd66       0x24 D:/ST_CUBE_IDE/STM32CubeIDE_1.15.1/STM32CubeIDE/plugins/com.st.stm32cube.ide.mcu.externaltools.gnu-tools-for-stm32.12.3.rel1.win32_1.0.100.202403111256/tools/bin/../lib/gcc/arm-none-eabi/12.3.1/../../../../arm-none-eabi/lib/thumb/v7e-m+fp/hard\libc_nano.a(libc_a-nano-vfprintf.o)
                0x0801cd66                __sfputs_r
 *fill*         0x0801cd8a        0x2 
 .text._vfprintf_r
                0x0801cd8c      0x230 D:/ST_CUBE_IDE/STM32CubeIDE_1.15.1/STM32CubeIDE/plugins/com.st.stm32cube.ide.mcu.externaltools.gnu-tools-for-stm32.12.3.rel1.win32_1.0.100.202403111256/tools/bin/../lib/gcc/arm-none-eabi/12.3.1/../../../../arm-none-eabi/lib/thumb/v7e-m+fp/hard\libc_nano.a(libc_a-nano-vfprintf.o)
                0x0801cd8c                _vfprintf_r
                0x0801cd8c                _vfiprintf_r
 .text._printf_common
                0x0801cfbc       0xda D:/ST_CUBE_IDE/STM32CubeIDE_1.15.1/STM32CubeIDE/plugins/com.st.stm32cube.ide.mcu.externaltools.gnu-tools-for-stm32.12.3.rel1.win32_1.0.100.202403111256/tools/bin/../lib/gcc/arm-none-eabi/12.3.1/../../../../arm-none-eabi/lib/thumb/v7e-m+fp/hard\libc_nano.a(libc_a-nano-vfprintf_i.o)
                0x0801cfbc                _printf_common
 *fill*         0x0801d096        0x2 
 .text._printf_i
                0x0801d098      0x240 D:/ST_CUBE_IDE/STM32CubeIDE_1.15.1/STM32CubeIDE/plugins/com.st.stm32cube.ide.mcu.externaltools.gnu-tools-for-stm32.12.3.rel1.win32_1.0.100.202403111256/tools/bin/../lib/gcc/arm-none-eabi/12.3.1/../../../../arm-none-eabi/lib/thumb/v7e-m+fp/hard\libc_nano.a(libc_a-nano-vfprintf_i.o)
                0x0801d098                _printf_i
 .text.__sflush_r
                0x0801d2d8      0x108 D:/ST_CUBE_IDE/STM32CubeIDE_1.15.1/STM32CubeIDE/plugins/com.st.stm32cube.ide.mcu.externaltools.gnu-tools-for-stm32.12.3.rel1.win32_1.0.100.202403111256/tools/bin/../lib/gcc/arm-none-eabi/12.3.1/../../../../arm-none-eabi/lib/thumb/v7e-m+fp/hard\libc_nano.a(libc_a-fflush.o)
                0x0801d2d8                __sflush_r
 .text._fflush_r
                0x0801d3e0       0x50 D:/ST_CUBE_IDE/STM32CubeIDE_1.15.1/STM32CubeIDE/plugins/com.st.stm32cube.ide.mcu.externaltools.gnu-tools-for-stm32.12.3.rel1.win32_1.0.100.202403111256/tools/bin/../lib/gcc/arm-none-eabi/12.3.1/../../../../arm-none-eabi/lib/thumb/v7e-m+fp/hard\libc_nano.a(libc_a-fflush.o)
                0x0801d3e0                _fflush_r
 .text.fprintf  0x0801d430       0x24 D:/ST_CUBE_IDE/STM32CubeIDE_1.15.1/STM32CubeIDE/plugins/com.st.stm32cube.ide.mcu.externaltools.gnu-tools-for-stm32.12.3.rel1.win32_1.0.100.202403111256/tools/bin/../lib/gcc/arm-none-eabi/12.3.1/../../../../arm-none-eabi/lib/thumb/v7e-m+fp/hard\libc_nano.a(libc_a-fprintf.o)
                0x0801d430                fiprintf
                0x0801d430                fprintf
 .text.__swhatbuf_r
                0x0801d454       0x4c D:/ST_CUBE_IDE/STM32CubeIDE_1.15.1/STM32CubeIDE/plugins/com.st.stm32cube.ide.mcu.externaltools.gnu-tools-for-stm32.12.3.rel1.win32_1.0.100.202403111256/tools/bin/../lib/gcc/arm-none-eabi/12.3.1/../../../../arm-none-eabi/lib/thumb/v7e-m+fp/hard\libc_nano.a(libc_a-makebuf.o)
                0x0801d454                __swhatbuf_r
 .text.__smakebuf_r
                0x0801d4a0       0x78 D:/ST_CUBE_IDE/STM32CubeIDE_1.15.1/STM32CubeIDE/plugins/com.st.stm32cube.ide.mcu.externaltools.gnu-tools-for-stm32.12.3.rel1.win32_1.0.100.202403111256/tools/bin/../lib/gcc/arm-none-eabi/12.3.1/../../../../arm-none-eabi/lib/thumb/v7e-m+fp/hard\libc_nano.a(libc_a-makebuf.o)
                0x0801d4a0                __smakebuf_r
 .text._fstat_r
                0x0801d518       0x24 D:/ST_CUBE_IDE/STM32CubeIDE_1.15.1/STM32CubeIDE/plugins/com.st.stm32cube.ide.mcu.externaltools.gnu-tools-for-stm32.12.3.rel1.win32_1.0.100.202403111256/tools/bin/../lib/gcc/arm-none-eabi/12.3.1/../../../../arm-none-eabi/lib/thumb/v7e-m+fp/hard\libc_nano.a(libc_a-fstatr.o)
                0x0801d518                _fstat_r
 .text._isatty_r
                0x0801d53c       0x20 D:/ST_CUBE_IDE/STM32CubeIDE_1.15.1/STM32CubeIDE/plugins/com.st.stm32cube.ide.mcu.externaltools.gnu-tools-for-stm32.12.3.rel1.win32_1.0.100.202403111256/tools/bin/../lib/gcc/arm-none-eabi/12.3.1/../../../../arm-none-eabi/lib/thumb/v7e-m+fp/hard\libc_nano.a(libc_a-isattyr.o)
                0x0801d53c                _isatty_r
 .text.abort    0x0801d55c        0xe D:/ST_CUBE_IDE/STM32CubeIDE_1.15.1/STM32CubeIDE/plugins/com.st.stm32cube.ide.mcu.externaltools.gnu-tools-for-stm32.12.3.rel1.win32_1.0.100.202403111256/tools/bin/../lib/gcc/arm-none-eabi/12.3.1/../../../../arm-none-eabi/lib/thumb/v7e-m+fp/hard\libc_nano.a(libc_a-abort.o)
                0x0801d55c                abort
 .text._raise_r
                0x0801d56a       0x50 D:/ST_CUBE_IDE/STM32CubeIDE_1.15.1/STM32CubeIDE/plugins/com.st.stm32cube.ide.mcu.externaltools.gnu-tools-for-stm32.12.3.rel1.win32_1.0.100.202403111256/tools/bin/../lib/gcc/arm-none-eabi/12.3.1/../../../../arm-none-eabi/lib/thumb/v7e-m+fp/hard\libc_nano.a(libc_a-signal.o)
                0x0801d56a                _raise_r
 *fill*         0x0801d5ba        0x2 
 .text.raise    0x0801d5bc       0x10 D:/ST_CUBE_IDE/STM32CubeIDE_1.15.1/STM32CubeIDE/plugins/com.st.stm32cube.ide.mcu.externaltools.gnu-tools-for-stm32.12.3.rel1.win32_1.0.100.202403111256/tools/bin/../lib/gcc/arm-none-eabi/12.3.1/../../../../arm-none-eabi/lib/thumb/v7e-m+fp/hard\libc_nano.a(libc_a-signal.o)
                0x0801d5bc                raise
 .text._kill_r  0x0801d5cc       0x24 D:/ST_CUBE_IDE/STM32CubeIDE_1.15.1/STM32CubeIDE/plugins/com.st.stm32cube.ide.mcu.externaltools.gnu-tools-for-stm32.12.3.rel1.win32_1.0.100.202403111256/tools/bin/../lib/gcc/arm-none-eabi/12.3.1/../../../../arm-none-eabi/lib/thumb/v7e-m+fp/hard\libc_nano.a(libc_a-signalr.o)
                0x0801d5cc                _kill_r
 .text._getpid_r
                0x0801d5f0        0x4 D:/ST_CUBE_IDE/STM32CubeIDE_1.15.1/STM32CubeIDE/plugins/com.st.stm32cube.ide.mcu.externaltools.gnu-tools-for-stm32.12.3.rel1.win32_1.0.100.202403111256/tools/bin/../lib/gcc/arm-none-eabi/12.3.1/../../../../arm-none-eabi/lib/thumb/v7e-m+fp/hard\libc_nano.a(libc_a-signalr.o)
                0x0801d5f0                _getpid_r
 *(.glue_7)
 .glue_7        0x0801d5f4        0x0 linker stubs
 *(.glue_7t)
 .glue_7t       0x0801d5f4        0x0 linker stubs
 *(.eh_frame)
 .eh_frame      0x0801d5f4        0x0 D:/ST_CUBE_IDE/STM32CubeIDE_1.15.1/STM32CubeIDE/plugins/com.st.stm32cube.ide.mcu.externaltools.gnu-tools-for-stm32.12.3.rel1.win32_1.0.100.202403111256/tools/bin/../lib/gcc/arm-none-eabi/12.3.1/thumb/v7e-m+fp/hard/crtbegin.o
 *(.init)
 .init          0x0801d5f4        0x4 D:/ST_CUBE_IDE/STM32CubeIDE_1.15.1/STM32CubeIDE/plugins/com.st.stm32cube.ide.mcu.externaltools.gnu-tools-for-stm32.12.3.rel1.win32_1.0.100.202403111256/tools/bin/../lib/gcc/arm-none-eabi/12.3.1/thumb/v7e-m+fp/hard/crti.o
                0x0801d5f4                _init
 .init          0x0801d5f8        0x8 D:/ST_CUBE_IDE/STM32CubeIDE_1.15.1/STM32CubeIDE/plugins/com.st.stm32cube.ide.mcu.externaltools.gnu-tools-for-stm32.12.3.rel1.win32_1.0.100.202403111256/tools/bin/../lib/gcc/arm-none-eabi/12.3.1/thumb/v7e-m+fp/hard/crtn.o
 *(.fini)
 .fini          0x0801d600        0x4 D:/ST_CUBE_IDE/STM32CubeIDE_1.15.1/STM32CubeIDE/plugins/com.st.stm32cube.ide.mcu.externaltools.gnu-tools-for-stm32.12.3.rel1.win32_1.0.100.202403111256/tools/bin/../lib/gcc/arm-none-eabi/12.3.1/thumb/v7e-m+fp/hard/crti.o
                0x0801d600                _fini
 .fini          0x0801d604        0x8 D:/ST_CUBE_IDE/STM32CubeIDE_1.15.1/STM32CubeIDE/plugins/com.st.stm32cube.ide.mcu.externaltools.gnu-tools-for-stm32.12.3.rel1.win32_1.0.100.202403111256/tools/bin/../lib/gcc/arm-none-eabi/12.3.1/thumb/v7e-m+fp/hard/crtn.o
                0x0801d60c                        . = ALIGN (0x4)
                0x0801d60c                        _etext = .

.vfp11_veneer   0x0801d60c        0x0
 .vfp11_veneer  0x0801d60c        0x0 linker stubs

.v4_bx          0x0801d60c        0x0
 .v4_bx         0x0801d60c        0x0 linker stubs

.iplt           0x0801d60c        0x0
 .iplt          0x0801d60c        0x0 D:/ST_CUBE_IDE/STM32CubeIDE_1.15.1/STM32CubeIDE/plugins/com.st.stm32cube.ide.mcu.externaltools.gnu-tools-for-stm32.12.3.rel1.win32_1.0.100.202403111256/tools/bin/../lib/gcc/arm-none-eabi/12.3.1/thumb/v7e-m+fp/hard/crtbegin.o

.rodata         0x0801d60c      0xf30
                0x0801d60c                        . = ALIGN (0x4)
 *(.rodata)
 .rodata        0x0801d60c      0x56e ./CLI/cli_interface.o
 *fill*         0x0801db7a        0x2 
 .rodata        0x0801db7c       0x20 ./Core/Src/app_freertos.o
 .rodata        0x0801db9c       0x38 ./Drivers/STM32G4xx_HAL_Driver/Src/stm32g4xx_hal_adc.o
 .rodata        0x0801dbd4       0x3b ./Drivers/STM32G4xx_HAL_Driver/Src/stm32g4xx_hal_adc_ex.o
 *fill*         0x0801dc0f        0x1 
 .rodata        0x0801dc10       0x3b ./Drivers/STM32G4xx_HAL_Driver/Src/stm32g4xx_hal_cortex.o
 *fill*         0x0801dc4b        0x1 
 .rodata        0x0801dc4c       0x38 ./Drivers/STM32G4xx_HAL_Driver/Src/stm32g4xx_hal_dac.o
 .rodata        0x0801dc84       0x38 ./Drivers/STM32G4xx_HAL_Driver/Src/stm32g4xx_hal_dma.o
 .rodata        0x0801dcbc       0x3a ./Drivers/STM32G4xx_HAL_Driver/Src/stm32g4xx_hal_flash.o
 *fill*         0x0801dcf6        0x2 
 .rodata        0x0801dcf8       0x3d ./Drivers/STM32G4xx_HAL_Driver/Src/stm32g4xx_hal_flash_ex.o
 *fill*         0x0801dd35        0x3 
 .rodata        0x0801dd38       0x39 ./Drivers/STM32G4xx_HAL_Driver/Src/stm32g4xx_hal_gpio.o
 *fill*         0x0801dd71        0x3 
 .rodata        0x0801dd74       0x38 ./Drivers/STM32G4xx_HAL_Driver/Src/stm32g4xx_hal_i2c.o
 .rodata        0x0801ddac       0x3b ./Drivers/STM32G4xx_HAL_Driver/Src/stm32g4xx_hal_i2c_ex.o
 *fill*         0x0801dde7        0x1 
 .rodata        0x0801dde8       0x3b ./Drivers/STM32G4xx_HAL_Driver/Src/stm32g4xx_hal_pwr_ex.o
 *fill*         0x0801de23        0x1 
 .rodata        0x0801de24       0x38 ./Drivers/STM32G4xx_HAL_Driver/Src/stm32g4xx_hal_rcc.o
 .rodata        0x0801de5c       0x3b ./Drivers/STM32G4xx_HAL_Driver/Src/stm32g4xx_hal_rcc_ex.o
 *fill*         0x0801de97        0x1 
 .rodata        0x0801de98       0x38 ./Drivers/STM32G4xx_HAL_Driver/Src/stm32g4xx_hal_spi.o
 .rodata        0x0801ded0       0x38 ./Drivers/STM32G4xx_HAL_Driver/Src/stm32g4xx_hal_tim.o
 .rodata        0x0801df08       0x39 ./Drivers/STM32G4xx_HAL_Driver/Src/stm32g4xx_hal_uart.o
 *fill*         0x0801df41        0x3 
 .rodata        0x0801df44       0x3c ./Drivers/STM32G4xx_HAL_Driver/Src/stm32g4xx_hal_uart_ex.o
 .rodata        0x0801df80        0x5 ./Middlewares/Third_Party/FreeRTOS/Source/tasks.o
 *(.rodata*)
 *fill*         0x0801df85        0x3 
 .rodata.flash_map
                0x0801df88      0x300 ./Boot/flash_if.o
 .rodata.cmd_list
                0x0801e288       0x90 ./CLI/cli_interface.o
                0x0801e288                cmd_list
 .rodata.AHBPrescTable
                0x0801e318       0x10 ./Core/Src/system_stm32g4xx.o
                0x0801e318                AHBPrescTable
 .rodata.APBPrescTable
                0x0801e328        0x8 ./Core/Src/system_stm32g4xx.o
                0x0801e328                APBPrescTable
 .rodata.UARTPrescTable
                0x0801e330       0x18 ./Drivers/STM32G4xx_HAL_Driver/Src/stm32g4xx_hal_uart.o
                0x0801e330                UARTPrescTable
 .rodata.numerator.1
                0x0801e348        0x8 ./Drivers/STM32G4xx_HAL_Driver/Src/stm32g4xx_hal_uart_ex.o
 .rodata.denominator.0
                0x0801e350        0x8 ./Drivers/STM32G4xx_HAL_Driver/Src/stm32g4xx_hal_uart_ex.o
 .rodata._ctype_
                0x0801e358      0x101 D:/ST_CUBE_IDE/STM32CubeIDE_1.15.1/STM32CubeIDE/plugins/com.st.stm32cube.ide.mcu.externaltools.gnu-tools-for-stm32.12.3.rel1.win32_1.0.100.202403111256/tools/bin/../lib/gcc/arm-none-eabi/12.3.1/../../../../arm-none-eabi/lib/thumb/v7e-m+fp/hard\libc_nano.a(libc_a-ctype_.o)
                0x0801e358                _ctype_
 .rodata.strtok.str1.1
                0x0801e459       0x71 D:/ST_CUBE_IDE/STM32CubeIDE_1.15.1/STM32CubeIDE/plugins/com.st.stm32cube.ide.mcu.externaltools.gnu-tools-for-stm32.12.3.rel1.win32_1.0.100.202403111256/tools/bin/../lib/gcc/arm-none-eabi/12.3.1/../../../../arm-none-eabi/lib/thumb/v7e-m+fp/hard\libc_nano.a(libc_a-strtok.o)
 .rodata.__assert_func.str1.1
                0x0801e4ca       0x3c D:/ST_CUBE_IDE/STM32CubeIDE_1.15.1/STM32CubeIDE/plugins/com.st.stm32cube.ide.mcu.externaltools.gnu-tools-for-stm32.12.3.rel1.win32_1.0.100.202403111256/tools/bin/../lib/gcc/arm-none-eabi/12.3.1/../../../../arm-none-eabi/lib/thumb/v7e-m+fp/hard\libc_nano.a(libc_a-assert.o)
                                 0x3d (size before relaxing)
 .rodata._vfprintf_r.str1.1
                0x0801e506       0x11 D:/ST_CUBE_IDE/STM32CubeIDE_1.15.1/STM32CubeIDE/plugins/com.st.stm32cube.ide.mcu.externaltools.gnu-tools-for-stm32.12.3.rel1.win32_1.0.100.202403111256/tools/bin/../lib/gcc/arm-none-eabi/12.3.1/../../../../arm-none-eabi/lib/thumb/v7e-m+fp/hard\libc_nano.a(libc_a-nano-vfprintf.o)
 .rodata._printf_i.str1.1
                0x0801e517       0x22 D:/ST_CUBE_IDE/STM32CubeIDE_1.15.1/STM32CubeIDE/plugins/com.st.stm32cube.ide.mcu.externaltools.gnu-tools-for-stm32.12.3.rel1.win32_1.0.100.202403111256/tools/bin/../lib/gcc/arm-none-eabi/12.3.1/../../../../arm-none-eabi/lib/thumb/v7e-m+fp/hard\libc_nano.a(libc_a-nano-vfprintf_i.o)
                0x0801e53c                        . = ALIGN (0x4)
 *fill*         0x0801e539        0x3 

.ARM.extab      0x0801e53c        0x0
                0x0801e53c                        . = ALIGN (0x4)
 *(.ARM.extab* .gnu.linkonce.armextab.*)
                0x0801e53c                        . = ALIGN (0x4)

.ARM            0x0801e53c        0x8
                0x0801e53c                        . = ALIGN (0x4)
                0x0801e53c                        __exidx_start = .
 *(.ARM.exidx*)
 .ARM.exidx     0x0801e53c        0x8 D:/ST_CUBE_IDE/STM32CubeIDE_1.15.1/STM32CubeIDE/plugins/com.st.stm32cube.ide.mcu.externaltools.gnu-tools-for-stm32.12.3.rel1.win32_1.0.100.202403111256/tools/bin/../lib/gcc/arm-none-eabi/12.3.1/../../../../arm-none-eabi/lib/thumb/v7e-m+fp/hard\libc_nano.a(libc_a-strcmp.o)
 .ARM.exidx     0x0801e544        0x0 D:/ST_CUBE_IDE/STM32CubeIDE_1.15.1/STM32CubeIDE/plugins/com.st.stm32cube.ide.mcu.externaltools.gnu-tools-for-stm32.12.3.rel1.win32_1.0.100.202403111256/tools/bin/../lib/gcc/arm-none-eabi/12.3.1/../../../../arm-none-eabi/lib/thumb/v7e-m+fp/hard\libc_nano.a(libc_a-strlen.o)
                                  0x8 (size before relaxing)
 .ARM.exidx     0x0801e544        0x0 D:/ST_CUBE_IDE/STM32CubeIDE_1.15.1/STM32CubeIDE/plugins/com.st.stm32cube.ide.mcu.externaltools.gnu-tools-for-stm32.12.3.rel1.win32_1.0.100.202403111256/tools/bin/../lib/gcc/arm-none-eabi/12.3.1/../../../../arm-none-eabi/lib/thumb/v7e-m+fp/hard\libc_nano.a(libc_a-memchr.o)
                                  0x8 (size before relaxing)
 .ARM.exidx     0x0801e544        0x0 D:/ST_CUBE_IDE/STM32CubeIDE_1.15.1/STM32CubeIDE/plugins/com.st.stm32cube.ide.mcu.externaltools.gnu-tools-for-stm32.12.3.rel1.win32_1.0.100.202403111256/tools/bin/../lib/gcc/arm-none-eabi/12.3.1/thumb/v7e-m+fp/hard\libgcc.a(_udivmoddi4.o)
                                  0x8 (size before relaxing)
                0x0801e544                        __exidx_end = .
                0x0801e544                        . = ALIGN (0x4)

.preinit_array  0x0801e544        0x0
                0x0801e544                        . = ALIGN (0x4)
                0x0801e544                        PROVIDE (__preinit_array_start = .)
 *(.preinit_array*)
                0x0801e544                        PROVIDE (__preinit_array_end = .)
                0x0801e544                        . = ALIGN (0x4)

.init_array     0x0801e544        0x4
                0x0801e544                        . = ALIGN (0x4)
                0x0801e544                        PROVIDE (__init_array_start = .)
 *(SORT_BY_NAME(.init_array.*))
 *(.init_array*)
 .init_array    0x0801e544        0x4 D:/ST_CUBE_IDE/STM32CubeIDE_1.15.1/STM32CubeIDE/plugins/com.st.stm32cube.ide.mcu.externaltools.gnu-tools-for-stm32.12.3.rel1.win32_1.0.100.202403111256/tools/bin/../lib/gcc/arm-none-eabi/12.3.1/thumb/v7e-m+fp/hard/crtbegin.o
                0x0801e548                        PROVIDE (__init_array_end = .)
                0x0801e548                        . = ALIGN (0x4)

.fini_array     0x0801e548        0x4
                0x0801e548                        . = ALIGN (0x4)
                [!provide]                        PROVIDE (__fini_array_start = .)
 *(SORT_BY_NAME(.fini_array.*))
 *(.fini_array*)
 .fini_array    0x0801e548        0x4 D:/ST_CUBE_IDE/STM32CubeIDE_1.15.1/STM32CubeIDE/plugins/com.st.stm32cube.ide.mcu.externaltools.gnu-tools-for-stm32.12.3.rel1.win32_1.0.100.202403111256/tools/bin/../lib/gcc/arm-none-eabi/12.3.1/thumb/v7e-m+fp/hard/crtbegin.o
                [!provide]                        PROVIDE (__fini_array_end = .)
                0x0801e54c                        . = ALIGN (0x4)
                0x0801e54c                        _sidata = LOADADDR (.data)

.rel.dyn        0x0801e54c        0x0
 .rel.iplt      0x0801e54c        0x0 D:/ST_CUBE_IDE/STM32CubeIDE_1.15.1/STM32CubeIDE/plugins/com.st.stm32cube.ide.mcu.externaltools.gnu-tools-for-stm32.12.3.rel1.win32_1.0.100.202403111256/tools/bin/../lib/gcc/arm-none-eabi/12.3.1/thumb/v7e-m+fp/hard/crtbegin.o

.data           0x20000000       0x8c load address 0x0801e54c
                0x20000000                        . = ALIGN (0x4)
                0x20000000                        _sdata = .
 *(.data)
 *(.data*)
 .data.SystemCoreClock
                0x20000000        0x4 ./Core/Src/system_stm32g4xx.o
                0x20000000                SystemCoreClock
 .data.uwTickPrio
                0x20000004        0x4 ./Drivers/STM32G4xx_HAL_Driver/Src/stm32g4xx_hal.o
                0x20000004                uwTickPrio
 .data.uwTickFreq
                0x20000008        0x4 ./Drivers/STM32G4xx_HAL_Driver/Src/stm32g4xx_hal.o
                0x20000008                uwTickFreq
 .data.pFlash   0x2000000c       0x20 ./Drivers/STM32G4xx_HAL_Driver/Src/stm32g4xx_hal_flash.o
                0x2000000c                pFlash
 .data.uxCriticalNesting
                0x2000002c        0x4 ./Middlewares/Third_Party/FreeRTOS/Source/portable/GCC/ARM_CM4F/port.o
 .data.__sglue  0x20000030        0xc D:/ST_CUBE_IDE/STM32CubeIDE_1.15.1/STM32CubeIDE/plugins/com.st.stm32cube.ide.mcu.externaltools.gnu-tools-for-stm32.12.3.rel1.win32_1.0.100.202403111256/tools/bin/../lib/gcc/arm-none-eabi/12.3.1/../../../../arm-none-eabi/lib/thumb/v7e-m+fp/hard\libc_nano.a(libc_a-findfp.o)
                0x20000030                __sglue
 .data._impure_ptr
                0x2000003c        0x4 D:/ST_CUBE_IDE/STM32CubeIDE_1.15.1/STM32CubeIDE/plugins/com.st.stm32cube.ide.mcu.externaltools.gnu-tools-for-stm32.12.3.rel1.win32_1.0.100.202403111256/tools/bin/../lib/gcc/arm-none-eabi/12.3.1/../../../../arm-none-eabi/lib/thumb/v7e-m+fp/hard\libc_nano.a(libc_a-impure.o)
                0x2000003c                _impure_ptr
 .data._impure_data
                0x20000040       0x4c D:/ST_CUBE_IDE/STM32CubeIDE_1.15.1/STM32CubeIDE/plugins/com.st.stm32cube.ide.mcu.externaltools.gnu-tools-for-stm32.12.3.rel1.win32_1.0.100.202403111256/tools/bin/../lib/gcc/arm-none-eabi/12.3.1/../../../../arm-none-eabi/lib/thumb/v7e-m+fp/hard\libc_nano.a(libc_a-impure.o)
                0x20000040                _impure_data
 *(.RamFunc)
 *(.RamFunc*)
                0x2000008c                        . = ALIGN (0x4)
                0x2000008c                        _edata = .

.igot.plt       0x2000008c        0x0 load address 0x0801e5d8
 .igot.plt      0x2000008c        0x0 D:/ST_CUBE_IDE/STM32CubeIDE_1.15.1/STM32CubeIDE/plugins/com.st.stm32cube.ide.mcu.externaltools.gnu-tools-for-stm32.12.3.rel1.win32_1.0.100.202403111256/tools/bin/../lib/gcc/arm-none-eabi/12.3.1/thumb/v7e-m+fp/hard/crtbegin.o
                0x2000008c                        . = ALIGN (0x4)

.bss            0x2000008c      0x628 load address 0x0801e5d8
                0x2000008c                        _sbss = .
                0x2000008c                        __bss_start__ = _sbss
 *(.bss)
 .bss           0x2000008c       0x1c D:/ST_CUBE_IDE/STM32CubeIDE_1.15.1/STM32CubeIDE/plugins/com.st.stm32cube.ide.mcu.externaltools.gnu-tools-for-stm32.12.3.rel1.win32_1.0.100.202403111256/tools/bin/../lib/gcc/arm-none-eabi/12.3.1/thumb/v7e-m+fp/hard/crtbegin.o
 *(.bss*)
 .bss.uart_rx_byte
                0x200000a8        0x1 ./CLI/cli_interface.o
                0x200000a8                uart_rx_byte
 *fill*         0x200000a9        0x3 
 .bss.cli       0x200000ac       0x83 ./CLI/cli_interface.o
                0x200000ac                cli
 *fill*         0x2000012f        0x1 
 .bss.gRx_cmd_repeat
                0x20000130       0x80 ./CLI/cli_interface.o
                0x20000130                gRx_cmd_repeat
 .bss.hadc1     0x200001b0       0x6c ./Core/Src/adc.o
                0x200001b0                hadc1
 .bss.hdma_adc1
                0x2000021c       0x60 ./Core/Src/adc.o
                0x2000021c                hdma_adc1
 .bss.CLI_TaskHandle
                0x2000027c        0x4 ./Core/Src/app_freertos.o
                0x2000027c                CLI_TaskHandle
 .bss.hdac1     0x20000280       0x14 ./Core/Src/dac.o
                0x20000280                hdac1
 .bss.hi2c1     0x20000294       0x54 ./Core/Src/i2c.o
                0x20000294                hi2c1
 .bss.hspi1     0x200002e8       0x64 ./Core/Src/spi.o
                0x200002e8                hspi1
 .bss.htim1     0x2000034c       0x4c ./Core/Src/stm32g4xx_hal_timebase_tim.o
                0x2000034c                htim1
 .bss.__sbrk_heap_end
                0x20000398        0x4 ./Core/Src/sysmem.o
 .bss.hlpuart1  0x2000039c       0x94 ./Core/Src/usart.o
                0x2000039c                hlpuart1
 .bss.uwTick    0x20000430        0x4 ./Drivers/STM32G4xx_HAL_Driver/Src/stm32g4xx_hal.o
                0x20000430                uwTick
 .bss.pxCurrentTCB
                0x20000434        0x4 ./Middlewares/Third_Party/FreeRTOS/Source/tasks.o
                0x20000434                pxCurrentTCB
 .bss.pxReadyTasksLists
                0x20000438       0x8c ./Middlewares/Third_Party/FreeRTOS/Source/tasks.o
 .bss.xDelayedTaskList1
                0x200004c4       0x14 ./Middlewares/Third_Party/FreeRTOS/Source/tasks.o
 .bss.xDelayedTaskList2
                0x200004d8       0x14 ./Middlewares/Third_Party/FreeRTOS/Source/tasks.o
 .bss.pxDelayedTaskList
                0x200004ec        0x4 ./Middlewares/Third_Party/FreeRTOS/Source/tasks.o
 .bss.pxOverflowDelayedTaskList
                0x200004f0        0x4 ./Middlewares/Third_Party/FreeRTOS/Source/tasks.o
 .bss.xPendingReadyList
                0x200004f4       0x14 ./Middlewares/Third_Party/FreeRTOS/Source/tasks.o
 .bss.xTasksWaitingTermination
                0x20000508       0x14 ./Middlewares/Third_Party/FreeRTOS/Source/tasks.o
 .bss.uxDeletedTasksWaitingCleanUp
                0x2000051c        0x4 ./Middlewares/Third_Party/FreeRTOS/Source/tasks.o
 .bss.xSuspendedTaskList
                0x20000520       0x14 ./Middlewares/Third_Party/FreeRTOS/Source/tasks.o
 .bss.uxCurrentNumberOfTasks
                0x20000534        0x4 ./Middlewares/Third_Party/FreeRTOS/Source/tasks.o
 .bss.xTickCount
                0x20000538        0x4 ./Middlewares/Third_Party/FreeRTOS/Source/tasks.o
 .bss.uxTopReadyPriority
                0x2000053c        0x4 ./Middlewares/Third_Party/FreeRTOS/Source/tasks.o
 .bss.xSchedulerRunning
                0x20000540        0x4 ./Middlewares/Third_Party/FreeRTOS/Source/tasks.o
 .bss.xPendedTicks
                0x20000544        0x4 ./Middlewares/Third_Party/FreeRTOS/Source/tasks.o
 .bss.xYieldPending
                0x20000548        0x4 ./Middlewares/Third_Party/FreeRTOS/Source/tasks.o
 .bss.xNumOfOverflows
                0x2000054c        0x4 ./Middlewares/Third_Party/FreeRTOS/Source/tasks.o
 .bss.uxTaskNumber
                0x20000550        0x4 ./Middlewares/Third_Party/FreeRTOS/Source/tasks.o
 .bss.xNextTaskUnblockTime
                0x20000554        0x4 ./Middlewares/Third_Party/FreeRTOS/Source/tasks.o
 .bss.xIdleTaskHandle
                0x20000558        0x4 ./Middlewares/Third_Party/FreeRTOS/Source/tasks.o
 .bss.uxSchedulerSuspended
                0x2000055c        0x4 ./Middlewares/Third_Party/FreeRTOS/Source/tasks.o
 .bss.ucMaxSysCallPriority
                0x20000560        0x1 ./Middlewares/Third_Party/FreeRTOS/Source/portable/GCC/ARM_CM4F/port.o
 *fill*         0x20000561        0x3 
 .bss.ulMaxPRIGROUPValue
                0x20000564        0x4 ./Middlewares/Third_Party/FreeRTOS/Source/portable/GCC/ARM_CM4F/port.o
 .bss.__malloc_sbrk_start
                0x20000568        0x4 D:/ST_CUBE_IDE/STM32CubeIDE_1.15.1/STM32CubeIDE/plugins/com.st.stm32cube.ide.mcu.externaltools.gnu-tools-for-stm32.12.3.rel1.win32_1.0.100.202403111256/tools/bin/../lib/gcc/arm-none-eabi/12.3.1/../../../../arm-none-eabi/lib/thumb/v7e-m+fp/hard\libc_nano.a(libc_a-mallocr.o)
                0x20000568                __malloc_sbrk_start
 .bss.__malloc_free_list
                0x2000056c        0x4 D:/ST_CUBE_IDE/STM32CubeIDE_1.15.1/STM32CubeIDE/plugins/com.st.stm32cube.ide.mcu.externaltools.gnu-tools-for-stm32.12.3.rel1.win32_1.0.100.202403111256/tools/bin/../lib/gcc/arm-none-eabi/12.3.1/../../../../arm-none-eabi/lib/thumb/v7e-m+fp/hard\libc_nano.a(libc_a-mallocr.o)
                0x2000056c                __malloc_free_list
 .bss.__sf      0x20000570      0x138 D:/ST_CUBE_IDE/STM32CubeIDE_1.15.1/STM32CubeIDE/plugins/com.st.stm32cube.ide.mcu.externaltools.gnu-tools-for-stm32.12.3.rel1.win32_1.0.100.202403111256/tools/bin/../lib/gcc/arm-none-eabi/12.3.1/../../../../arm-none-eabi/lib/thumb/v7e-m+fp/hard\libc_nano.a(libc_a-findfp.o)
                0x20000570                __sf
 .bss.__stdio_exit_handler
                0x200006a8        0x4 D:/ST_CUBE_IDE/STM32CubeIDE_1.15.1/STM32CubeIDE/plugins/com.st.stm32cube.ide.mcu.externaltools.gnu-tools-for-stm32.12.3.rel1.win32_1.0.100.202403111256/tools/bin/../lib/gcc/arm-none-eabi/12.3.1/../../../../arm-none-eabi/lib/thumb/v7e-m+fp/hard\libc_nano.a(libc_a-findfp.o)
                0x200006a8                __stdio_exit_handler
 .bss.errno     0x200006ac        0x4 D:/ST_CUBE_IDE/STM32CubeIDE_1.15.1/STM32CubeIDE/plugins/com.st.stm32cube.ide.mcu.externaltools.gnu-tools-for-stm32.12.3.rel1.win32_1.0.100.202403111256/tools/bin/../lib/gcc/arm-none-eabi/12.3.1/../../../../arm-none-eabi/lib/thumb/v7e-m+fp/hard\libc_nano.a(libc_a-reent.o)
                0x200006ac                errno
 .bss.__lock___malloc_recursive_mutex
                0x200006b0        0x1 D:/ST_CUBE_IDE/STM32CubeIDE_1.15.1/STM32CubeIDE/plugins/com.st.stm32cube.ide.mcu.externaltools.gnu-tools-for-stm32.12.3.rel1.win32_1.0.100.202403111256/tools/bin/../lib/gcc/arm-none-eabi/12.3.1/../../../../arm-none-eabi/lib/thumb/v7e-m+fp/hard\libc_nano.a(libc_a-lock.o)
                0x200006b0                __lock___malloc_recursive_mutex
 .bss.__lock___sfp_recursive_mutex
                0x200006b1        0x1 D:/ST_CUBE_IDE/STM32CubeIDE_1.15.1/STM32CubeIDE/plugins/com.st.stm32cube.ide.mcu.externaltools.gnu-tools-for-stm32.12.3.rel1.win32_1.0.100.202403111256/tools/bin/../lib/gcc/arm-none-eabi/12.3.1/../../../../arm-none-eabi/lib/thumb/v7e-m+fp/hard\libc_nano.a(libc_a-lock.o)
                0x200006b1                __lock___sfp_recursive_mutex
 *(COMMON)
                0x200006b4                        . = ALIGN (0x4)
 *fill*         0x200006b2        0x2 
                0x200006b4                        _ebss = .
                0x200006b4                        __bss_end__ = _ebss

._user_heap_stack
                0x200006b4     0x2004 load address 0x0801e5d8
                0x200006b8                        . = ALIGN (0x8)
 *fill*         0x200006b4        0x4 
                [!provide]                        PROVIDE (end = .)
                0x200006b8                        PROVIDE (_end = .)