../CLI/cli_interface.c:17:5:_write	24	static
../CLI/cli_interface.c:71:6:Convert_Char	16	static
../CLI/cli_interface.c:84:6:HAL_UART_RxCpltCallback	16	static
../CLI/cli_interface.c:106:6:CLI_Init	8	static
../CLI/cli_interface.c:118:5:parser	80	static
../CLI/cli_interface.c:191:5:cbf_boot_logo	16	static
../CLI/cli_interface.c:206:5:cbf_sn	16	static
../CLI/cli_interface.c:215:5:cbf_help	24	static
../CLI/cli_interface.c:227:5:cbf_reset	16	static
../CLI/cli_interface.c:234:5:cbf_test	16	static
../CLI/cli_interface.c:243:5:cbf_xmodem	16	static
../CLI/cli_interface.c:280:16:check_memory_range	16	static
../CLI/cli_interface.c:299:5:cbf_dump	16	static
../CLI/cli_interface.c:343:5:cbf_flash_test	16	static
../CLI/cli_interface.c:379:5:cbf_app_fw_jump	16	static
../CLI/cli_interface.c:395:5:cbf_tag	16	static
../CLI/cli_interface.c:410:5:cbf_test_assert	16	static
../CLI/cli_interface.c:419:5:cbf_event_print	16	static
../CLI/cli_interface.c:427:5:cbf_event_test	16	static
../CLI/cli_interface.c:441:5:cbf_event_reset	16	static
../CLI/cli_interface.c:450:5:cbf_dbg_view	48	static
