../CLI/cli_interface.c:28:5:_write	24	static
../CLI/cli_interface.c:84:6:Convert_Char	16	static
../CLI/cli_interface.c:97:6:HAL_UART_RxCpltCallback	16	static
../CLI/cli_interface.c:119:6:CLI_Init	8	static
../CLI/cli_interface.c:131:5:parser	80	static
../CLI/cli_interface.c:204:5:cbf_boot_logo	16	static
../CLI/cli_interface.c:219:5:cbf_sn	16	static
../CLI/cli_interface.c:227:5:cbf_help	24	static
../CLI/cli_interface.c:239:5:cbf_reset	16	static
../CLI/cli_interface.c:246:5:cbf_test	16	static
../CLI/cli_interface.c:255:5:cbf_xmodem	32	static
../CLI/cli_interface.c:297:16:check_memory_range	16	static
../CLI/cli_interface.c:312:5:cbf_dump	32	static
../CLI/cli_interface.c:356:5:cbf_flash_test	48	static
../CLI/cli_interface.c:393:5:cbf_app_fw_jump	32	static,ignoring_inline_asm
../CLI/cli_interface.c:410:5:cbf_tag	16	static
../CLI/cli_interface.c:425:5:cbf_test_assert	16	static
../CLI/cli_interface.c:436:5:cbf_event_print	16	static
../CLI/cli_interface.c:444:5:cbf_event_test	16	static
../CLI/cli_interface.c:458:5:cbf_event_reset	16	static
../CLI/cli_interface.c:467:5:cbf_dbg_view	48	static
